Microchip MPLAB XC8 Compiler V1.32 ()

Linker command line:

--edf=C:\Program Files (x86)\Microchip\xc8\v1.32\dat\en_msgs.txt -cs \
  -h+dist/UseXC8/production\PIC_Master.X.production.sym \
  --cmf=dist/UseXC8/production\PIC_Master.X.production.cmf -z -Q18F46J50 \
  -oC:\Users\alex\AppData\Local\Temp\s1as.6 \
  -Mdist/UseXC8/production/PIC_Master.X.production.map -E1 -ver=XC8 \
  -ASTACK=0357h-09ffh -pstack=STACK -ACODE=00h-0FFF7h -ACONST=00h-0FFF7h \
  -ASMALLCONST=0F00h-0FFFhx240,0FF00h-0FFF7h -AMEDIUMCONST=0F00h-0FFF7h \
  -ACOMRAM=01h-05Fh -AABS1=00h-0EBFh -ABIGRAM=01h-0EBFh \
  -ARAM=060h-0FFh,0100h-01FFhx13,0E00h-0EBFh -ABANK0=060h-0FFh \
  -ABANK1=0100h-01FFh -ABANK2=0200h-02FFh -ABANK3=0300h-03FFh \
  -ABANK4=0400h-04FFh -ABANK5=0500h-05FFh -ABANK6=0600h-06FFh \
  -ABANK7=0700h-07FFh -ABANK8=0800h-08FFh -ABANK9=0900h-09FFh \
  -ABANK10=0A00h-0AFFh -ABANK11=0B00h-0BFFh -ABANK12=0C00h-0CFFh \
  -ABANK13=0D00h-0DFFh -ABANK14=0E00h-0EBFh \
  -ASFR=0EC0h-0EFFh,0F00h-0F5Fh,0F60h-0FFFh \
  -preset_vec=00h,intcode=08h,intcodelo=018h,powerup,init,end_init \
  -pramtop=0F00h -psmallconst=SMALLCONST -pmediumconst=MEDIUMCONST \
  -pconst=CONST -AFARRAM=00h-00h -ACONFIG=0FFF8h-0FFFFh -pconfig=CONFIG \
  -pjflash_buffer=0F800h \
  -prdata=COMRAM,nvrram=COMRAM,nvbit=COMRAM,rbss=COMRAM,rbit=COMRAM \
  -pfarbss=FARRAM,fardata=FARRAM,nvFARRAM=FARRAM \
  -pintsave_regs=BIGRAM,bigbss=BIGRAM,bigdata=BIGRAM -pbss=RAM \
  -pidata=CODE,irdata=CODE,ibigdata=CODE,ifardata=CODE \
  C:\Users\alex\AppData\Local\Temp\s1as.obj \
  dist/UseXC8/production\PIC_Master.X.production.obj 

Object code version is 3.11

Machine type is 18F46J50

Call graph: (short form)




                Name                               Link     Load   Length Selector   Space Scale
C:\Users\alex\AppData\Local\Temp\s1as.obj
                end_init                             C0       C0        4        C       0
                reset_vec                             0        0        4        0       0
                config                             FFF8     FFF8        8     FFF8       0
dist/UseXC8/production\PIC_Master.X.production.obj
                intcodelo                            18       18       A8        C       0
                intcode                               8        8       10        4       0
                text61                             1CB8     1CB8       32        C       0
                text60                             1F36     1F36        6        C       0
                text59                             1ED4     1ED4       10        C       0
                text58                             1B9C     1B9C       3E        C       0
                text57                             1958     1958       60        C       0
                text56                             1428     1428       C4        C       0
                text55                             1AC0     1AC0       50        C       0
                text54                              D76      D76      13E        C       0
                text53                             1C82     1C82       36        C       0
                text52                              FC4      FC4      10C        C       0
                text51                             1D46     1D46       2E        C       0
                text50                             129A     129A       CA        C       0
                text49                             1B10     1B10       4C        C       0
                text48                             1F2E     1F2E        8        C       0
                text47                             1F26     1F26        8        C       0
                text46                             1F1E     1F1E        8        C       0
                text45                               C4       C4      688        C       0
                text44                             1EC2     1EC2       12        C       0
                text43                             175E     175E       6E        C       0
                intcode_body                       16E0     16E0       7E        C       0
                text41                             1EB0     1EB0       12        C       0
                text40                             1650     1650       90        C       0
                text39                             1B5C     1B5C       40        C       0
                text38                             14EC     14EC       C0        C       0
                text37                             1E16     1E16       24        C       0
                text36                             1E9E     1E9E       12        C       0
                text35                             1D74     1D74       2C        C       0
                text34                              A8E      A8E      1A6        C       0
                text33                             10D0     10D0       E8        C       0
                text32                             1DC8     1DC8       28        C       0
                text31                             11B8     11B8       E2        C       0
                text30                             15AC     15AC       A4        C       0
                text28                             1DF0     1DF0       26        C       0
                text27                             1BDA     1BDA       3C        C       0
                text26                             1364     1364       C4        C       0
                text25                             1A68     1A68       58        C       0
                text24                              C34      C34      142        C       0
                text23                             1C4C     1C4C       36        C       0
                text22                             1C16     1C16       36        C       0
                text21                             1F16     1F16        8        C       0
                text20                             1F0E     1F0E        8        C       0
                text19                             1F06     1F06        8        C       0
                text18                             1EFE     1EFE        8        C       0
                text17                             1EF6     1EF6        8        C       0
                text16                             1EE4     1EE4        A        C       0
                text15                             1EEE     1EEE        8        C       0
                text14                             1DA0     1DA0       28        C       0
                text13                             17CC     17CC       66        C       0
                text12                             1832     1832       64        C       0
                text11                             1A10     1A10       58        C       0
                text10                             1E8C     1E8C       12        C       0
                text9                               EB4      EB4      110        C       0
                text8                              1D18     1D18       2E        C       0
                text7                              1E5A     1E5A       20        C       0
                text6                              1E7A     1E7A       12        C       0
                text5                              1CEA     1CEA       2E        C       0
                text4                              18F8     18F8       60        C       0
                text3                              1F3C     1F3C        4        C       0
                text2                              1896     1896       62        C       0
                text1                              1E3A     1E3A       20        C       0
                text0                               74C      74C      342        C       0
                cstackCOMRAM                          1        1       49        1       1
                cstackBANK0                          60       60       41       60       1
                cstackBANK1                         100      100       81      100       1
                bssBANK3                            300      300       57      300       1
                bssBANK2                            200      200       AE      200       1
                bssBANK1                            181      181       57      100       1
                bssBANK0                             A1       A1       25       60       1
                dataCOMRAM                           53       53        1        1       1
                bssCOMRAM                            4A       4A        9        1       1
                cinit                              19B8     19B8       58        C       0
                nvBANK0                              C6       C6        2       60       1
                idataCOMRAM                        1F40     1F40        1        C       0

TOTAL           Name                               Link     Load   Length     Space
        CLASS   STACK          

        CLASS   CODE           
                end_init                             C0       C0        4         0
                intcodelo                            18       18       A8         0
                intcode                               8        8       10         0
                reset_vec                             0        0        4         0
                text61                             1CB8     1CB8       32         0
                text60                             1F36     1F36        6         0
                text59                             1ED4     1ED4       10         0
                text58                             1B9C     1B9C       3E         0
                text57                             1958     1958       60         0
                text56                             1428     1428       C4         0
                text55                             1AC0     1AC0       50         0
                text54                              D76      D76      13E         0
                text53                             1C82     1C82       36         0
                text52                              FC4      FC4      10C         0
                text51                             1D46     1D46       2E         0
                text50                             129A     129A       CA         0
                text49                             1B10     1B10       4C         0
                text48                             1F2E     1F2E        8         0
                text47                             1F26     1F26        8         0
                text46                             1F1E     1F1E        8         0
                text45                               C4       C4      688         0
                text44                             1EC2     1EC2       12         0
                text43                             175E     175E       6E         0
                intcode_body                       16E0     16E0       7E         0
                text41                             1EB0     1EB0       12         0
                text40                             1650     1650       90         0
                text39                             1B5C     1B5C       40         0
                text38                             14EC     14EC       C0         0
                text37                             1E16     1E16       24         0
                text36                             1E9E     1E9E       12         0
                text35                             1D74     1D74       2C         0
                text34                              A8E      A8E      1A6         0
                text33                             10D0     10D0       E8         0
                text32                             1DC8     1DC8       28         0
                text31                             11B8     11B8       E2         0
                text30                             15AC     15AC       A4         0
                text28                             1DF0     1DF0       26         0
                text27                             1BDA     1BDA       3C         0
                text26                             1364     1364       C4         0
                text25                             1A68     1A68       58         0
                text24                              C34      C34      142         0
                text23                             1C4C     1C4C       36         0
                text22                             1C16     1C16       36         0
                text21                             1F16     1F16        8         0
                text20                             1F0E     1F0E        8         0
                text19                             1F06     1F06        8         0
                text18                             1EFE     1EFE        8         0
                text17                             1EF6     1EF6        8         0
                text16                             1EE4     1EE4        A         0
                text15                             1EEE     1EEE        8         0
                text14                             1DA0     1DA0       28         0
                text13                             17CC     17CC       66         0
                text12                             1832     1832       64         0
                text11                             1A10     1A10       58         0
                text10                             1E8C     1E8C       12         0
                text9                               EB4      EB4      110         0
                text8                              1D18     1D18       2E         0
                text7                              1E5A     1E5A       20         0
                text6                              1E7A     1E7A       12         0
                text5                              1CEA     1CEA       2E         0
                text4                              18F8     18F8       60         0
                text3                              1F3C     1F3C        4         0
                text2                              1896     1896       62         0
                text1                              1E3A     1E3A       20         0
                text0                               74C      74C      342         0
                cinit                              19B8     19B8       58         0
                idataCOMRAM                        1F40     1F40        1         0

        CLASS   CONST          

        CLASS   SMALLCONST     

        CLASS   MEDIUMCONST    

        CLASS   COMRAM         
                cstackCOMRAM                          1        1       49         1
                dataCOMRAM                           53       53        1         1
                bssCOMRAM                            4A       4A        9         1

        CLASS   ABS1           

        CLASS   BIGRAM         

        CLASS   RAM            

        CLASS   BANK0          
                cstackBANK0                          60       60       41         1
                bssBANK0                             A1       A1       25         1
                nvBANK0                              C6       C6        2         1

        CLASS   BANK1          
                cstackBANK1                         100      100       81         1
                bssBANK1                            181      181       57         1

        CLASS   BANK2          
                bssBANK2                            200      200       AE         1

        CLASS   BANK3          
                bssBANK3                            300      300       57         1

        CLASS   BANK4          

        CLASS   BANK5          

        CLASS   BANK6          

        CLASS   BANK7          

        CLASS   BANK8          

        CLASS   BANK9          

        CLASS   BANK10         

        CLASS   BANK11         

        CLASS   BANK12         

        CLASS   BANK13         

        CLASS   BANK14         

        CLASS   SFR            

        CLASS   FARRAM         

        CLASS   CONFIG         
                config                             FFF8     FFF8        8         0

        CLASS   IDLOC          



SEGMENTS        Name                           Load    Length   Top    Selector   Space  Class

                reset_vec                      000000  000004  000004         0       0  CODE    
                cstackCOMRAM                   000001  000053  000054         1       1  COMRAM  
                intcode                        000008  000010  000018         4       0  CODE    
                intcodelo                      000018  001F29  001F41         C       0  CODE    
                cstackBANK0                    000060  000068  0000C8        60       1  BANK0   
                cstackBANK1                    000100  0000D8  0001D8       100       1  BANK1   
                bssBANK2                       000200  0000AE  0002AE       200       1  BANK2   
                bssBANK3                       000300  000057  000357       300       1  BANK3   
                config                         00FFF8  000008  010000      FFF8       0  CONFIG  


UNUSED ADDRESS RANGES

        Name                Unused          Largest block    Delta
        BANK0            000C8-000FF              38
        BANK1            001D8-001FF              28
        BANK10           00A00-00AFF             100
        BANK11           00B00-00BFF             100
        BANK12           00C00-00CFF             100
        BANK13           00D00-00DFF             100
        BANK14           00E00-00EBF              C0
        BANK2            002AE-002FF              52
        BANK3            00357-003FF              A9
        BANK4            00400-004FF             100
        BANK5            00500-005FF             100
        BANK6            00600-006FF             100
        BANK7            00700-007FF             100
        BANK8            00800-008FF             100
        BANK9            00900-009FF             100
        BIGRAM           00054-0005F               C
                         000C8-000FF              38
                         001D8-001FF              28
                         002AE-002FF              52
                         00357-00EBF             B69
        CODE             00004-00007               4
                         01F41-0FFF7            E0B7
        COMRAM           00054-0005F               C
        CONST            00004-00007               4
                         01F41-0FFF7            E0B7
        MEDIUMCONST      01F41-0FFF7            E0B7
        RAM              000C8-000FF              38
                         001D8-001FF              28
                         002AE-002FF              52
                         00357-00EBF             100
        SFR              00EC0-00FFF              60
        SMALLCONST       01F41-0FFF7             100
        STACK            00357-009FF             6A9

                                  Symbol Table

?_ReadTimer1                                        cstackCOMRAM  00001
?___awmod                                           cstackBANK0   00098
?___lwmod                                           cstackBANK0   00098
?_in_high_int                                       cstackBANK0   00060
?_in_low_int                                        cstackBANK0   00062
?i1___awmod                                         cstackCOMRAM  00001
?i2___awmod                                         cstackBANK0   00060
FromMainHigh_recvmsg@data                           cstackBANK0   0007A
FromMainHigh_recvmsg@maxlength                      cstackBANK0   0007C
FromMainHigh_recvmsg@msgtype                        cstackBANK0   00078
FromMainHigh_sendmsg@data                           cstackBANK1   00110
FromMainHigh_sendmsg@length                         cstackBANK0   0009F
FromMainHigh_sendmsg@msgtype                        cstackBANK1   0010F
FromMainLow_recvmsg@data                            cstackCOMRAM  0001B
FromMainLow_recvmsg@maxlength                       cstackCOMRAM  0001D
FromMainLow_recvmsg@msgtype                         cstackCOMRAM  00019
FromMainLow_sendmsg@data                            cstackBANK1   00110
FromMainLow_sendmsg@length                          cstackBANK0   0009F
FromMainLow_sendmsg@msgtype                         cstackBANK1   0010F
OpenTimer0@config                                   cstackBANK0   00098
OpenTimer1@config                                   cstackBANK0   0009A
OpenTimer1@config1                                  cstackBANK0   00098
ReadTimer1@timer                                    cstackCOMRAM  00003
ToMainHigh_recvmsg@data                             cstackBANK1   00112
ToMainHigh_recvmsg@maxlength                        cstackBANK0   000A0
ToMainHigh_recvmsg@msgtype                          cstackBANK1   00110
ToMainHigh_sendmsg@data                             cstackBANK0   00077
ToMainHigh_sendmsg@length                           cstackBANK0   00079
ToMainHigh_sendmsg@msgtype                          cstackBANK0   00076
ToMainLow_recvmsg@data                              cstackBANK1   00112
ToMainLow_recvmsg@maxlength                         cstackBANK0   000A0
ToMainLow_recvmsg@msgtype                           cstackBANK1   00110
ToMainLow_sendmsg@data                              cstackCOMRAM  00018
ToMainLow_sendmsg@length                            cstackCOMRAM  0001A
ToMainLow_sendmsg@msgtype                           cstackCOMRAM  00017
WriteTimer0@timer                                   cstackBANK0   00062
WriteTimer0@timer0                                  cstackBANK0   00060
WriteTimer1@timer                                   cstackCOMRAM  00003
WriteTimer1@timer1                                  cstackCOMRAM  00001
_BAUDCONbits                                        (abs)         00F7E
_FromMainHigh_MQ                                    bssBANK3      00300
_FromMainHigh_recvmsg                               text53        01C82
_FromMainHigh_sendmsg                               text5         01CEA
_FromMainLow_MQ                                     bssBANK2      00200
_FromMainLow_recvmsg                                text32        01DC8
_FromMainLow_sendmsg                                text8         01D18
_INTCONbits                                         (abs)         00FF2
_IPR1bits                                           (abs)         00F9F
_InterruptHandlerHigh                               intcode       00008
_InterruptHandlerLow                                intcodelo     00018
_LATB                                               (abs)         00F8A
_LATBbits                                           (abs)         00F8A
_LATDbits                                           (abs)         00F8C
_MQ_Main_Willing_to_block                           bssBANK0      000B3
_OSCCON                                             (abs)         00FD3
_OSCCONbits                                         (abs)         00FD3
_OSCTUNEbits                                        (abs)         00F9B
_OpenTimer0                                         text28        01DF0
_OpenTimer1                                         text27        01BDA
_PIE1bits                                           (abs)         00F9D
_PIR1bits                                           (abs)         00F9E
_PORTBbits                                          (abs)         00F81
_RCONbits                                           (abs)         00FD0
_RCREG1                                             (abs)         00FAF
_RCSTA1bits                                         (abs)         00FAC
_ReadTimer1                                         text41        01EB0
_SPBRG1                                             (abs)         00FB0
_SPBRGH1                                            (abs)         00F7F
_SSP1STATbits                                       (abs)         00FC7
_SSPADD                                             (abs)         00FC8
_SSPBUF                                             (abs)         00FC9
_SSPCON1                                            (abs)         00FC6
_SSPCON1bits                                        (abs)         00FC6
_SSPCON2                                            (abs)         00FC5
_SSPCON2bits                                        (abs)         00FC5
_SSPSTAT                                            (abs)         00FC7
_SSPSTATbits                                        (abs)         00FC7
_SleepIfOkay                                        text57        01958
_T0CON                                              (abs)         00FD5
_T0CONbits                                          (abs)         00FD5
_T1CON                                              (abs)         00FCD
_T1CONbits                                          (abs)         00FCD
_T1GCON                                             (abs)         00F9A
_T1GCONbits                                         (abs)         00F9A
_TMR0H                                              (abs)         00FD7
_TMR0L                                              (abs)         00FD6
_TMR1H                                              (abs)         00FCF
_TMR1L                                              (abs)         00FCE
_TRISB                                              (abs)         00F93
_TRISBbits                                          (abs)         00F93
_TRISCbits                                          (abs)         00F94
_TRISD                                              (abs)         00F95
_TXREG1                                             (abs)         00FAE
_TXSTA1bits                                         (abs)         00FAD
_ToMainHigh_MQ                                      bssBANK2      00257
_ToMainHigh_recvmsg                                 text23        01C4C
_ToMainHigh_sendmsg                                 text51        01D46
_ToMainLow_MQ                                       bssBANK1      00181
_ToMainLow_recvmsg                                  text22        01C16
_ToMainLow_sendmsg                                  text37        01E16
_WriteTimer0                                        text44        01EC2
_WriteTimer1                                        text36        01E9E
__CFG_CP0$OFF                                       (abs)         00000
__CFG_CPUDIV$OSC1                                   (abs)         00000
__CFG_DSBOREN$OFF                                   (abs)         00000
__CFG_DSWDTEN$OFF                                   (abs)         00000
__CFG_DSWDTOSC$T1OSCREF                             (abs)         00000
__CFG_DSWDTPS$G2                                    (abs)         00000
__CFG_FCMEN$OFF                                     (abs)         00000
__CFG_IESO$ON                                       (abs)         00000
__CFG_IOL1WAY$ON                                    (abs)         00000
__CFG_LPT1OSC$OFF                                   (abs)         00000
__CFG_MSSP7B_EN$MSK7                                (abs)         00000
__CFG_OSC$HSPLL                                     (abs)         00000
__CFG_PLLDIV$3                                      (abs)         00000
__CFG_RTCOSC$T1OSCREF                               (abs)         00000
__CFG_STVREN$OFF                                    (abs)         00000
__CFG_T1DIG$OFF                                     (abs)         00000
__CFG_WDTEN$OFF                                     (abs)         00000
__CFG_WDTPS$32768                                   (abs)         00000
__CFG_WPCFG$OFF                                     (abs)         00000
__CFG_WPDIS$OFF                                     (abs)         00000
__CFG_WPEND$PAGE_WPFP                               (abs)         00000
__CFG_WPFP$PAGE_63                                  (abs)         00000
__CFG_XINST$OFF                                     (abs)         00000
__HRAM                                              (abs)         00000
__Habs1                                             abs1          00000
__Hbank0                                            bank0         00000
__Hbank1                                            bank1         00000
__Hbank10                                           bank10        00000
__Hbank11                                           bank11        00000
__Hbank12                                           bank12        00000
__Hbank13                                           bank13        00000
__Hbank14                                           bank14        00000
__Hbank2                                            bank2         00000
__Hbank3                                            bank3         00000
__Hbank4                                            bank4         00000
__Hbank5                                            bank5         00000
__Hbank6                                            bank6         00000
__Hbank7                                            bank7         00000
__Hbank8                                            bank8         00000
__Hbank9                                            bank9         00000
__Hbigbss                                           bigbss        00000
__Hbigdata                                          bigdata       00000
__Hbigram                                           bigram        00000
__Hbss                                              bss           00000
__HbssBANK0                                         bssBANK0      00000
__HbssBANK1                                         bssBANK1      00000
__HbssBANK2                                         bssBANK2      00000
__HbssBANK3                                         bssBANK3      00000
__HbssCOMRAM                                        bssCOMRAM     00000
__Hcinit                                            cinit         00000
__Hclrtext                                          clrtext       00000
__Hcomram                                           comram        00000
__Hconfig                                           config        10000
__Hconst                                            const         00000
__HcstackBANK0                                      cstackBANK0   00000
__HcstackBANK1                                      cstackBANK1   00000
__HcstackCOMRAM                                     cstackCOMRAM  00000
__Hdata                                             data          00000
__HdataCOMRAM                                       dataCOMRAM    00000
__Hend_init                                         end_init      000C4
__Hfarbss                                           farbss        00000
__Hfardata                                          fardata       00000
__Hibigdata                                         ibigdata      00000
__Hidata                                            idata         00000
__HidataCOMRAM                                      idataCOMRAM   00000
__Hidloc                                            idloc         00000
__Hifardata                                         ifardata      00000
__Hinit                                             init          000C0
__Hintcode                                          intcode       00018
__Hintcode_body                                     intcode_body  00000
__Hintcodelo                                        intcodelo     000C0
__Hintentry                                         intentry      00000
__Hintret                                           intret        00000
__Hintsave_regs                                     intsave_regs  00000
__Hirdata                                           irdata        00000
__Hjflash_buffer                                    jflash_buffer 0F800
__Hmediumconst                                      mediumconst   00000
__HnvBANK0                                          nvBANK0       00000
__HnvFARRAM                                         nvFARRAM      00000
__Hnvbit                                            nvbit         00000
__Hnvrram                                           nvrram        00000
__Hparam                                            param0        00000
__Hparam0                                           param0        00000
__Hpowerup                                          powerup       000C0
__Hram                                              ram           00000
__Hramtop                                           ramtop        00F00
__Hrbit                                             rbit          00000
__Hrbss                                             rbss          00000
__Hrdata                                            rdata         00000
__Hreset_vec                                        reset_vec     00004
__Hsfr                                              sfr           00000
__Hsmallconst                                       smallconst    00000
__Hspace_0                                          (abs)         10000
__Hspace_1                                          (abs)         00357
__Hspace_2                                          (abs)         00000
__Hstack                                            stack         00000
__Hstruct                                           struct        00000
__Htemp                                             temp          00000
__Htext                                             text          00000
__Htext0                                            text0         00000
__Htext1                                            text1         00000
__Htext10                                           text10        00000
__Htext11                                           text11        00000
__Htext12                                           text12        00000
__Htext13                                           text13        00000
__Htext14                                           text14        00000
__Htext15                                           text15        00000
__Htext16                                           text16        00000
__Htext17                                           text17        00000
__Htext18                                           text18        00000
__Htext19                                           text19        00000
__Htext2                                            text2         00000
__Htext20                                           text20        00000
__Htext21                                           text21        00000
__Htext22                                           text22        00000
__Htext23                                           text23        00000
__Htext24                                           text24        00000
__Htext25                                           text25        00000
__Htext26                                           text26        00000
__Htext27                                           text27        00000
__Htext28                                           text28        00000
__Htext3                                            text3         00000
__Htext30                                           text30        00000
__Htext31                                           text31        00000
__Htext32                                           text32        00000
__Htext33                                           text33        00000
__Htext34                                           text34        00000
__Htext35                                           text35        00000
__Htext36                                           text36        00000
__Htext37                                           text37        00000
__Htext38                                           text38        00000
__Htext39                                           text39        00000
__Htext4                                            text4         00000
__Htext40                                           text40        00000
__Htext41                                           text41        00000
__Htext43                                           text43        00000
__Htext44                                           text44        00000
__Htext45                                           text45        00000
__Htext46                                           text46        00000
__Htext47                                           text47        00000
__Htext48                                           text48        00000
__Htext49                                           text49        00000
__Htext5                                            text5         00000
__Htext50                                           text50        00000
__Htext51                                           text51        00000
__Htext52                                           text52        00000
__Htext53                                           text53        00000
__Htext54                                           text54        00000
__Htext55                                           text55        00000
__Htext56                                           text56        00000
__Htext57                                           text57        00000
__Htext58                                           text58        00000
__Htext59                                           text59        00000
__Htext6                                            text6         00000
__Htext60                                           text60        00000
__Htext61                                           text61        00000
__Htext7                                            text7         00000
__Htext8                                            text8         00000
__Htext9                                            text9         00000
__LRAM                                              (abs)         00001
__Labs1                                             abs1          00000
__Lbank0                                            bank0         00000
__Lbank1                                            bank1         00000
__Lbank10                                           bank10        00000
__Lbank11                                           bank11        00000
__Lbank12                                           bank12        00000
__Lbank13                                           bank13        00000
__Lbank14                                           bank14        00000
__Lbank2                                            bank2         00000
__Lbank3                                            bank3         00000
__Lbank4                                            bank4         00000
__Lbank5                                            bank5         00000
__Lbank6                                            bank6         00000
__Lbank7                                            bank7         00000
__Lbank8                                            bank8         00000
__Lbank9                                            bank9         00000
__Lbigbss                                           bigbss        00000
__Lbigdata                                          bigdata       00000
__Lbigram                                           bigram        00000
__Lbss                                              bss           00000
__LbssBANK0                                         bssBANK0      00000
__LbssBANK1                                         bssBANK1      00000
__LbssBANK2                                         bssBANK2      00000
__LbssBANK3                                         bssBANK3      00000
__LbssCOMRAM                                        bssCOMRAM     00000
__Lcinit                                            cinit         00000
__Lclrtext                                          clrtext       00000
__Lcomram                                           comram        00000
__Lconfig                                           config        0FFF8
__Lconst                                            const         00000
__LcstackBANK0                                      cstackBANK0   00000
__LcstackBANK1                                      cstackBANK1   00000
__LcstackCOMRAM                                     cstackCOMRAM  00000
__Ldata                                             data          00000
__LdataCOMRAM                                       dataCOMRAM    00000
__Lend_init                                         end_init      000C0
__Lfarbss                                           farbss        00000
__Lfardata                                          fardata       00000
__Libigdata                                         ibigdata      00000
__Lidata                                            idata         00000
__LidataCOMRAM                                      idataCOMRAM   00000
__Lidloc                                            idloc         00000
__Lifardata                                         ifardata      00000
__Linit                                             init          000C0
__Lintcode                                          intcode       00008
__Lintcode_body                                     intcode_body  00000
__Lintcodelo                                        intcodelo     00018
__Lintentry                                         intentry      00000
__Lintret                                           intret        00000
__Lintsave_regs                                     intsave_regs  00000
__Lirdata                                           irdata        00000
__Ljflash_buffer                                    jflash_buffer 0F800
__Lmediumconst                                      mediumconst   00000
__LnvBANK0                                          nvBANK0       00000
__LnvFARRAM                                         nvFARRAM      00000
__Lnvbit                                            nvbit         00000
__Lnvrram                                           nvrram        00000
__Lparam                                            param0        00000
__Lparam0                                           param0        00000
__Lpowerup                                          powerup       000C0
__Lram                                              ram           00000
__Lramtop                                           ramtop        00F00
__Lrbit                                             rbit          00000
__Lrbss                                             rbss          00000
__Lrdata                                            rdata         00000
__Lreset_vec                                        reset_vec     00000
__Lsfr                                              sfr           00000
__Lsmallconst                                       smallconst    00000
__Lspace_0                                          (abs)         00000
__Lspace_1                                          (abs)         00000
__Lspace_2                                          (abs)         00000
__Lstack                                            stack         00000
__Lstruct                                           struct        00000
__Ltemp                                             temp          00000
__Ltext                                             text          00000
__Ltext0                                            text0         00000
__Ltext1                                            text1         00000
__Ltext10                                           text10        00000
__Ltext11                                           text11        00000
__Ltext12                                           text12        00000
__Ltext13                                           text13        00000
__Ltext14                                           text14        00000
__Ltext15                                           text15        00000
__Ltext16                                           text16        00000
__Ltext17                                           text17        00000
__Ltext18                                           text18        00000
__Ltext19                                           text19        00000
__Ltext2                                            text2         00000
__Ltext20                                           text20        00000
__Ltext21                                           text21        00000
__Ltext22                                           text22        00000
__Ltext23                                           text23        00000
__Ltext24                                           text24        00000
__Ltext25                                           text25        00000
__Ltext26                                           text26        00000
__Ltext27                                           text27        00000
__Ltext28                                           text28        00000
__Ltext3                                            text3         00000
__Ltext30                                           text30        00000
__Ltext31                                           text31        00000
__Ltext32                                           text32        00000
__Ltext33                                           text33        00000
__Ltext34                                           text34        00000
__Ltext35                                           text35        00000
__Ltext36                                           text36        00000
__Ltext37                                           text37        00000
__Ltext38                                           text38        00000
__Ltext39                                           text39        00000
__Ltext4                                            text4         00000
__Ltext40                                           text40        00000
__Ltext41                                           text41        00000
__Ltext43                                           text43        00000
__Ltext44                                           text44        00000
__Ltext45                                           text45        00000
__Ltext46                                           text46        00000
__Ltext47                                           text47        00000
__Ltext48                                           text48        00000
__Ltext49                                           text49        00000
__Ltext5                                            text5         00000
__Ltext50                                           text50        00000
__Ltext51                                           text51        00000
__Ltext52                                           text52        00000
__Ltext53                                           text53        00000
__Ltext54                                           text54        00000
__Ltext55                                           text55        00000
__Ltext56                                           text56        00000
__Ltext57                                           text57        00000
__Ltext58                                           text58        00000
__Ltext59                                           text59        00000
__Ltext6                                            text6         00000
__Ltext60                                           text60        00000
__Ltext61                                           text61        00000
__Ltext7                                            text7         00000
__Ltext8                                            text8         00000
__Ltext9                                            text9         00000
__S0                                                (abs)         10000
__S1                                                (abs)         00357
__S2                                                (abs)         00000
___awmod                                            text26        01364
___awmod@counter                                    cstackBANK0   0009C
___awmod@dividend                                   cstackBANK0   00098
___awmod@divisor                                    cstackBANK0   0009A
___awmod@sign                                       cstackBANK0   0009D
___inthi_sp                                         stack         00000
___intlo_sp                                         stack         00000
___lwmod                                            text4         018F8
___lwmod@counter                                    cstackBANK0   0009C
___lwmod@dividend                                   cstackBANK0   00098
___lwmod@divisor                                    cstackBANK0   0009A
___sp                                               stack         00000
__accesstop                                         (abs)         00060
__activetblptr                                      (abs)         00002
__end_of_FromMainHigh_recvmsg                       text53        01CB8
__end_of_FromMainHigh_sendmsg                       text5         01D18
__end_of_FromMainLow_recvmsg                        text32        01DF0
__end_of_FromMainLow_sendmsg                        text8         01D46
__end_of_InterruptHandlerHigh                       intcode_body  0175E
__end_of_InterruptHandlerLow                        intcodelo     000C0
__end_of_OpenTimer0                                 text28        01E16
__end_of_OpenTimer1                                 text27        01C16
__end_of_ReadTimer1                                 text41        01EC2
__end_of_SleepIfOkay                                text57        019B8
__end_of_ToMainHigh_recvmsg                         text23        01C82
__end_of_ToMainHigh_sendmsg                         text51        01D74
__end_of_ToMainLow_recvmsg                          text22        01C4C
__end_of_ToMainLow_sendmsg                          text37        01E3A
__end_of_WriteTimer0                                text44        01ED4
__end_of_WriteTimer1                                text36        01EB0
__end_of___awmod                                    text26        01428
__end_of___lwmod                                    text4         01958
__end_of__initialization                            cinit         01A06
__end_of_blink0                                     text3         01F40
__end_of_blip                                       text21        01F1E
__end_of_blip1                                      text20        01F16
__end_of_blip2                                      text19        01F0E
__end_of_blip3                                      text18        01F06
__end_of_blip4                                      text17        01EFE
__end_of_check_msg                                  text61        01CEA
__end_of_debug_configure                            text16        01EEE
__end_of_enable_interrupts                          text15        01EF6
__end_of_enter_sleep_mode                           text60        01F3C
__end_of_handle_start                               text50        01364
__end_of_i2c_configure_slave                        text14        01DC8
__end_of_i2c_int_handler                            text45        0074C
__end_of_in_high_int                                text59        01EE4
__end_of_in_low_int                                 text58        01BDA
__end_of_init_i2c                                   text13        01832
__end_of_init_queue                                 text12        01896
__end_of_init_queues                                text11        01A68
__end_of_init_timer1_lthread                        text10        01E9E
__end_of_main                                       text0         00A8E
__end_of_memcpy                                     text25        01AC0
__end_of_recv_msg                                   text24        00D76
__end_of_send_msg                                   text9         00FC4
__end_of_send_uart_message                          text7         01E7A
__end_of_start_i2c_slave_reply                      text49        01B5C
__end_of_timer0_int_handler                         text43        017CC
__end_of_timer0_lthread                             text6         01E8C
__end_of_timer1_int_handler                         text35        01DA0
__end_of_timer1_lthread                             text2         018F8
__end_of_uart_configure                             text1         01E5A
__end_of_uart_frame_message                         text31        0129A
__end_of_uart_receive_interrupt_handler             text34        00C34
__end_of_uart_transmit_interrupt_handler            text30        01650
__end_ofi1___awmod                                  text40        016E0
__end_ofi1_memcpy                                   text39        01B9C
__end_ofi1_recv_msg                                 text33        011B8
__end_ofi1_send_msg                                 text38        015AC
__end_ofi2___awmod                                  text56        014EC
__end_ofi2_blip                                     text48        01F36
__end_ofi2_blip1                                    text47        01F2E
__end_ofi2_blip2                                    text46        01F26
__end_ofi2_memcpy                                   text55        01B10
__end_ofi2_recv_msg                                 text54        00EB4
__end_ofi2_send_msg                                 text52        010D0
__initialization                                    cinit         019B8
__mediumconst                                       mediumconst   00000
__pbssBANK0                                         bssBANK0      000A1
__pbssBANK1                                         bssBANK1      00181
__pbssBANK2                                         bssBANK2      00200
__pbssBANK3                                         bssBANK3      00300
__pbssCOMRAM                                        bssCOMRAM     0004A
__pcinit                                            cinit         019B8
__pcstackBANK0                                      cstackBANK0   00060
__pcstackBANK1                                      cstackBANK1   00100
__pcstackCOMRAM                                     cstackCOMRAM  00001
__pdataCOMRAM                                       dataCOMRAM    00053
__pidataCOMRAM                                      idataCOMRAM   01F40
__pintcode                                          intcode       00008
__pintcode_body                                     intcode_body  016E0
__pintcodelo                                        intcodelo     00018
__pnvBANK0                                          nvBANK0       000C6
__ptext0                                            text0         0074C
__ptext1                                            text1         01E3A
__ptext10                                           text10        01E8C
__ptext11                                           text11        01A10
__ptext12                                           text12        01832
__ptext13                                           text13        017CC
__ptext14                                           text14        01DA0
__ptext15                                           text15        01EEE
__ptext16                                           text16        01EE4
__ptext17                                           text17        01EF6
__ptext18                                           text18        01EFE
__ptext19                                           text19        01F06
__ptext2                                            text2         01896
__ptext20                                           text20        01F0E
__ptext21                                           text21        01F16
__ptext22                                           text22        01C16
__ptext23                                           text23        01C4C
__ptext24                                           text24        00C34
__ptext25                                           text25        01A68
__ptext26                                           text26        01364
__ptext27                                           text27        01BDA
__ptext28                                           text28        01DF0
__ptext3                                            text3         01F3C
__ptext30                                           text30        015AC
__ptext31                                           text31        011B8
__ptext32                                           text32        01DC8
__ptext33                                           text33        010D0
__ptext34                                           text34        00A8E
__ptext35                                           text35        01D74
__ptext36                                           text36        01E9E
__ptext37                                           text37        01E16
__ptext38                                           text38        014EC
__ptext39                                           text39        01B5C
__ptext4                                            text4         018F8
__ptext40                                           text40        01650
__ptext41                                           text41        01EB0
__ptext43                                           text43        0175E
__ptext44                                           text44        01EC2
__ptext45                                           text45        000C4
__ptext46                                           text46        01F1E
__ptext47                                           text47        01F26
__ptext48                                           text48        01F2E
__ptext49                                           text49        01B10
__ptext5                                            text5         01CEA
__ptext50                                           text50        0129A
__ptext51                                           text51        01D46
__ptext52                                           text52        00FC4
__ptext53                                           text53        01C82
__ptext54                                           text54        00D76
__ptext55                                           text55        01AC0
__ptext56                                           text56        01428
__ptext57                                           text57        01958
__ptext58                                           text58        01B9C
__ptext59                                           text59        01ED4
__ptext6                                            text6         01E7A
__ptext60                                           text60        01F36
__ptext61                                           text61        01CB8
__ptext7                                            text7         01E5A
__ptext8                                            text8         01D18
__ptext9                                            text9         00EB4
__ramtop                                            ramtop        00F00
__size_of_FromMainHigh_recvmsg                      (abs)         00000
__size_of_FromMainHigh_sendmsg                      (abs)         00000
__size_of_FromMainLow_recvmsg                       (abs)         00000
__size_of_FromMainLow_sendmsg                       (abs)         00000
__size_of_InterruptHandlerHigh                      (abs)         00000
__size_of_InterruptHandlerLow                       (abs)         00000
__size_of_OpenTimer0                                (abs)         00000
__size_of_OpenTimer1                                (abs)         00000
__size_of_ReadTimer1                                (abs)         00000
__size_of_SleepIfOkay                               (abs)         00000
__size_of_ToMainHigh_recvmsg                        (abs)         00000
__size_of_ToMainHigh_sendmsg                        (abs)         00000
__size_of_ToMainLow_recvmsg                         (abs)         00000
__size_of_ToMainLow_sendmsg                         (abs)         00000
__size_of_WriteTimer0                               (abs)         00000
__size_of_WriteTimer1                               (abs)         00000
__size_of___awmod                                   (abs)         00000
__size_of___lwmod                                   (abs)         00000
__size_of_blink0                                    (abs)         00000
__size_of_blip                                      (abs)         00000
__size_of_blip1                                     (abs)         00000
__size_of_blip2                                     (abs)         00000
__size_of_blip3                                     (abs)         00000
__size_of_blip4                                     (abs)         00000
__size_of_check_msg                                 (abs)         00000
__size_of_debug_configure                           (abs)         00000
__size_of_enable_interrupts                         (abs)         00000
__size_of_enter_sleep_mode                          (abs)         00000
__size_of_handle_start                              (abs)         00000
__size_of_i2c_configure_slave                       (abs)         00000
__size_of_i2c_int_handler                           (abs)         00000
__size_of_in_high_int                               (abs)         00000
__size_of_in_low_int                                (abs)         00000
__size_of_init_i2c                                  (abs)         00000
__size_of_init_queue                                (abs)         00000
__size_of_init_queues                               (abs)         00000
__size_of_init_timer1_lthread                       (abs)         00000
__size_of_main                                      (abs)         00000
__size_of_memcpy                                    (abs)         00000
__size_of_recv_msg                                  (abs)         00000
__size_of_send_msg                                  (abs)         00000
__size_of_send_uart_message                         (abs)         00000
__size_of_start_i2c_slave_reply                     (abs)         00000
__size_of_timer0_int_handler                        (abs)         00000
__size_of_timer0_lthread                            (abs)         00000
__size_of_timer1_int_handler                        (abs)         00000
__size_of_timer1_lthread                            (abs)         00000
__size_of_uart_configure                            (abs)         00000
__size_of_uart_frame_message                        (abs)         00000
__size_of_uart_receive_interrupt_handler            (abs)         00000
__size_of_uart_transmit_interrupt_handler           (abs)         00000
__size_ofi1___awmod                                 (abs)         00000
__size_ofi1_memcpy                                  (abs)         00000
__size_ofi1_recv_msg                                (abs)         00000
__size_ofi1_send_msg                                (abs)         00000
__size_ofi2___awmod                                 (abs)         00000
__size_ofi2_blip                                    (abs)         00000
__size_ofi2_blip1                                   (abs)         00000
__size_ofi2_blip2                                   (abs)         00000
__size_ofi2_memcpy                                  (abs)         00000
__size_ofi2_recv_msg                                (abs)         00000
__size_ofi2_send_msg                                (abs)         00000
__smallconst                                        smallconst    00000
_blink0                                             text3         01F3C
_blip                                               text21        01F16
_blip1                                              text20        01F0E
_blip2                                              text19        01F06
_blip3                                              text18        01EFE
_blip4                                              text17        01EF6
_check_msg                                          text61        01CB8
_debug_configure                                    text16        01EE4
_enable_interrupts                                  text15        01EEE
_enter_sleep_mode                                   text60        01F36
_handle_start                                       text50        0129A
_i2c_configure_slave                                text14        01DA0
_i2c_int_handler                                    text45        000C4
_ic_ptr                                             nvBANK0       000C6
_in_high_int                                        text59        01ED4
_in_low_int                                         text58        01B9C
_init_i2c                                           text13        017CC
_init_queue                                         text12        01832
_init_queues                                        text11        01A10
_init_timer1_lthread                                text10        01E8C
_main                                               text0         0074C
_memcpy                                             text25        01A68
_need_sensor_data                                   bssCOMRAM     0004A
_recv_msg                                           text24        00C34
_send_msg                                           text9         00EB4
_send_uart_message                                  text7         01E5A
_start_i2c_slave_reply                              text49        01B10
_timer0_int_handler                                 text43        0175E
_timer0_lthread                                     text6         01E7A
_timer1_int_handler                                 text35        01D74
_timer1_lthread                                     text2         01896
_uart_configure                                     text1         01E3A
_uart_frame_message                                 text31        011B8
_uart_receive_interrupt_handler                     text34        00A8E
_uart_transmit_interrupt_handler                    text30        015AC
check_msg@qptr                                      cstackBANK0   00060
end_of_initialization                               cinit         01A06
handle_start@data_read                              cstackBANK0   00060
i1___awmod                                          text40        01650
i1___awmod@counter                                  cstackCOMRAM  00005
i1___awmod@dividend                                 cstackCOMRAM  00001
i1___awmod@divisor                                  cstackCOMRAM  00003
i1___awmod@sign                                     cstackCOMRAM  00006
i1_memcpy                                           text39        01B5C
i1_recv_msg                                         text33        010D0
i1_send_msg                                         text38        014EC
i1memcpy@d                                          cstackCOMRAM  00007
i1memcpy@d1                                         cstackCOMRAM  00001
i1memcpy@n                                          cstackCOMRAM  00005
i1memcpy@s                                          cstackCOMRAM  00009
i1memcpy@s1                                         cstackCOMRAM  00003
i1recv_msg@data                                     cstackCOMRAM  00010
i1recv_msg@maxlength                                cstackCOMRAM  0000D
i1recv_msg@msgtype                                  cstackCOMRAM  0000E
i1recv_msg@qmsg                                     cstackCOMRAM  00017
i1recv_msg@qptr                                     cstackCOMRAM  0000B
i1recv_msg@slot                                     cstackCOMRAM  00014
i1recv_msg@tlength                                  cstackCOMRAM  00015
i1send_msg@data                                     cstackCOMRAM  0000F
i1send_msg@length                                   cstackCOMRAM  0000D
i1send_msg@msgtype                                  cstackCOMRAM  0000E
i1send_msg@qmsg                                     cstackCOMRAM  00015
i1send_msg@qptr                                     cstackCOMRAM  0000B
i1send_msg@slot                                     cstackCOMRAM  00014
i1send_msg@tlength                                  cstackCOMRAM  00012
i2___awmod                                          text56        01428
i2___awmod@counter                                  cstackBANK0   00064
i2___awmod@dividend                                 cstackBANK0   00060
i2___awmod@divisor                                  cstackBANK0   00062
i2___awmod@sign                                     cstackBANK0   00065
i2_blip                                             text48        01F2E
i2_blip1                                            text47        01F26
i2_blip2                                            text46        01F1E
i2_memcpy                                           text55        01AC0
i2_recv_msg                                         text54        00D76
i2_send_msg                                         text52        00FC4
i2c_configure_slave@addr                            cstackBANK0   00098
i2c_int_handler@data_read                           cstackBANK0   00089
i2c_int_handler@data_written                        cstackBANK0   00082
i2c_int_handler@error_buf                           cstackBANK0   0007F
i2c_int_handler@i2c_data                            cstackBANK0   00085
i2c_int_handler@length                              cstackBANK0   0007E
i2c_int_handler@msg_ready                           cstackBANK0   00088
i2c_int_handler@msg_to_send                         cstackBANK0   00086
i2c_int_handler@msg_type                            cstackBANK0   00087
i2c_int_handler@need_data                           cstackBANK0   00084
i2c_int_handler@overrun_error                       cstackBANK0   00083
i2memcpy@d                                          cstackBANK0   00066
i2memcpy@d1                                         cstackBANK0   00060
i2memcpy@n                                          cstackBANK0   00064
i2memcpy@s                                          cstackBANK0   00068
i2memcpy@s1                                         cstackBANK0   00062
i2recv_msg@data                                     cstackBANK0   0006F
i2recv_msg@maxlength                                cstackBANK0   0006C
i2recv_msg@msgtype                                  cstackBANK0   0006D
i2recv_msg@qmsg                                     cstackBANK0   00076
i2recv_msg@qptr                                     cstackBANK0   0006A
i2recv_msg@slot                                     cstackBANK0   00073
i2recv_msg@tlength                                  cstackBANK0   00074
i2send_msg@data                                     cstackBANK0   0006E
i2send_msg@length                                   cstackBANK0   0006C
i2send_msg@msgtype                                  cstackBANK0   0006D
i2send_msg@qmsg                                     cstackBANK0   00074
i2send_msg@qptr                                     cstackBANK0   0006A
i2send_msg@slot                                     cstackBANK0   00073
i2send_msg@tlength                                  cstackBANK0   00071
init_i2c@ic                                         cstackBANK0   00098
init_queue@i                                        cstackBANK0   0009A
init_queue@qptr                                     cstackBANK0   00098
init_timer1_lthread@tptr                            cstackBANK0   00098
int_func                                            intcode_body  016E0
intlevel0                                           text          00000
intlevel1                                           text          00000
intlevel2                                           text          00000
intlevel3                                           text          00000
main@i                                              cstackBANK1   0015A
main@ic                                             cstackBANK1   0015B
main@last_reg_recvd                                 cstackBANK1   00136
main@length                                         cstackBANK1   00158
main@motor_data                                     cstackBANK1   0011A
main@msgbuffer                                      cstackBANK1   00137
main@msgtype                                        cstackBANK1   00159
main@sensor_data                                    cstackBANK1   00128
main@t0thread_data                                  cstackBANK1   00146
main@t1thread_data                                  cstackBANK1   00156
main@uart_response                                  cstackBANK1   00148
memcpy@d                                            cstackBANK1   00100
memcpy@d1                                           cstackBANK0   00098
memcpy@n                                            cstackBANK0   0009C
memcpy@s                                            cstackBANK1   00102
memcpy@s1                                           cstackBANK0   0009A
recv_msg@data                                       cstackBANK1   00109
recv_msg@maxlength                                  cstackBANK1   00106
recv_msg@msgtype                                    cstackBANK1   00107
recv_msg@qmsg                                       cstackBANK1   0010E
recv_msg@qptr                                       cstackBANK1   00104
recv_msg@slot                                       cstackBANK1   0010B
recv_msg@tlength                                    cstackBANK1   0010C
send_msg@data                                       cstackBANK1   00108
send_msg@length                                     cstackBANK1   00106
send_msg@msgtype                                    cstackBANK1   00107
send_msg@qmsg                                       cstackBANK1   0010D
send_msg@qptr                                       cstackBANK1   00104
send_msg@slot                                       cstackBANK1   0010C
send_msg@tlength                                    cstackBANK1   0010A
send_uart_message@message_ptr                       cstackBANK1   00112
send_uart_message@message_q_code                    cstackBANK0   000A0
stackhi                                             (abs)         009FF
stacklo                                             (abs)         00357
start                                               init          000C0
start_i2c_slave_reply@length                        cstackBANK0   00062
start_i2c_slave_reply@msg                           cstackBANK0   00060
start_initialization                                cinit         019B8
timer0_int_handler@length                           cstackBANK0   0007D
timer0_int_handler@msgtype                          cstackBANK0   0007F
timer0_int_handler@val                              cstackBANK0   00081
timer0_lthread@length                               cstackBANK0   0009C
timer0_lthread@msgbuffer                            cstackBANK0   0009E
timer0_lthread@msgtype                              cstackBANK0   0009A
timer0_lthread@msgval                               cstackBANK1   00100
timer0_lthread@tptr                                 cstackBANK0   00098
timer1_int_handler@result                           cstackCOMRAM  0001B
timer1_lthread@length                               cstackBANK1   00116
timer1_lthread@msgbuffer                            cstackBANK1   00118
timer1_lthread@msgtype                              cstackBANK1   00114
timer1_lthread@retval                               cstackBANK0   000A0
timer1_lthread@tptr                                 cstackBANK1   00112
uart_frame_message@checksum                         cstackCOMRAM  00007
uart_frame_message@i                                cstackCOMRAM  00008
uart_frame_message@inner                            cstackCOMRAM  00001
uart_frame_message@outer                            cstackCOMRAM  00003
uart_frame_message@sent_counter                     bssCOMRAM     0004C
uart_receive_interrupt_handler@bad_checksum_message cstackCOMRAM  0002D
uart_receive_interrupt_handler@bad_counter_id       cstackCOMRAM  00030
uart_receive_interrupt_handler@bad_end_id           cstackCOMRAM  00033
uart_receive_interrupt_handler@bad_start_id         cstackCOMRAM  00032
uart_receive_interrupt_handler@checksum             cstackCOMRAM  00035
uart_receive_interrupt_handler@done                 bssCOMRAM     0004D
uart_receive_interrupt_handler@error                bssCOMRAM     0004E
uart_receive_interrupt_handler@frame                bssBANK0      000A1
uart_receive_interrupt_handler@gooey_uart_center    cstackCOMRAM  0001D
uart_receive_interrupt_handler@i                    cstackCOMRAM  00037
uart_receive_interrupt_handler@index                bssCOMRAM     0004F
uart_receive_interrupt_handler@message_count        cstackCOMRAM  00034
uart_receive_interrupt_handler@msg_id               cstackCOMRAM  00036
uart_receive_interrupt_handler@received_counter     bssCOMRAM     00050
uart_receive_interrupt_handler@start_byte_bad       bssCOMRAM     00051
uart_receive_interrupt_handler@status               cstackCOMRAM  0002B
uart_receive_interrupt_handler@status_2215          cstackCOMRAM  0002C
uart_transmit_interrupt_handler@data                cstackCOMRAM  0001E
uart_transmit_interrupt_handler@done                dataCOMRAM    00053
uart_transmit_interrupt_handler@index               bssCOMRAM     00052
uart_transmit_interrupt_handler@message             bssBANK0      000B4
uart_transmit_interrupt_handler@message_status      cstackCOMRAM  0002D
uart_transmit_interrupt_handler@msgtype             cstackCOMRAM  0002C


FUNCTION INFORMATION:

 *************** function _main *****************
 Defined at:
		line 188 in file "../src/main.c"
 Parameters:    Size  Location     Type
		None
 Auto vars:     Size  Location     Type
  uart_respons   14   72[BANK1 ] unsigned char [14]
  ic             38   91[BANK1 ] struct __i2c_comm
  msgbuffer      15   55[BANK1 ] unsigned char [15]
  sensor_data    14   40[BANK1 ] unsigned char [14]
  motor_data     14   26[BANK1 ] unsigned char [14]
  t1thread_dat    2   86[BANK1 ] struct __timer1_thread_s
  t0thread_dat    2   70[BANK1 ] struct __timer0_thread_s
  uthread_data    2    0        struct __uart_thread_str
  i               1   90[BANK1 ] unsigned char 
  msgtype         1   89[BANK1 ] unsigned char 
  length          1   88[BANK1 ] char 
  last_reg_rec    1   54[BANK1 ] unsigned char 
  c               1    0        unsigned char 
 Return value:  Size  Location     Type
		None               void
 Registers used:
		wreg, fsr1l, fsr1h, fsr2l, fsr2h, status,2, status,0, prodl, prodh, cstack
 Tracked objects:
		On entry : 
		On exit  : 
		Unchanged: 
 Data sizes:     COMRAM   BANK0   BANK1   BANK2   BANK3   BANK4   BANK5   BANK6   BANK7   BANK8   BANK9  BANK10  BANK11  BANK12  BANK13  BANK14
      Params:         0       0       0       0       0       0       0       0       0       0       0       0       0       0       0       0
      Locals:         0       0     103       0       0       0       0       0       0       0       0       0       0       0       0       0
      Temps:          0       0       0       0       0       0       0       0       0       0       0       0       0       0       0       0
      Totals:         0       0     103       0       0       0       0       0       0       0       0       0       0       0       0       0
Total ram usage:      103 bytes
 Hardware stack levels required when called:   14
 This function calls:
		_OpenTimer0
		_OpenTimer1
		_ToMainHigh_recvmsg
		_ToMainLow_recvmsg
		_blip
		_blip1
		_blip2
		_blip3
		_blip4
		_debug_configure
		_enable_interrupts
[...]
      Totals:         0       5       0       0       0       0       0       0       0       0       0       0       0       0       0       0
Total ram usage:        5 bytes
 Hardware stack levels used:    1
 Hardware stack levels required when called:    2
 This function calls:
		i2_recv_msg
 This function is called by:
		_i2c_int_handler
		_timer0_int_handler
		_retrieve_sensor_values
 This function uses a non-reentrant model


 *************** function i2_recv_msg *****************
 Defined at:
		line 63 in file "../src/messages.c"
 Parameters:    Size  Location     Type
  qptr            2   10[BANK0 ] PTR struct __msg_queue
		 -> FromMainHigh_MQ(87), FromMainLow_MQ(87), ToMainHigh_MQ(87), ToMainLow_MQ(87), 
  maxlength       1   12[BANK0 ] unsigned char 
  msgtype         2   13[BANK0 ] PTR unsigned char 
		 -> timer0_int_handler@msgtype(2), uart_transmit_interrupt_handler@msgtype(1), retrieve_sensor_values@msgtype(1), i2c_int_handler@msg_type(1), 
		 -> main@msgtype(1), 
  data            2   15[BANK0 ] PTR void 
		 -> NULL(0), timer0_int_handler@val(2), uart_transmit_interrupt_handler@data(14), main@msgbuffer(15), 
		 -> main@ic(38), 
 Auto vars:     Size  Location     Type
  recv_msg        2   22[BANK0 ] PTR struct __msg
		 -> FromMainLow_MQ.queue(85), FromMainHigh_MQ.queue(85), ToMainHigh_MQ.queue(85), ToMainLow_MQ.queue(85), 
		 -> FromMainHigh_MQ(87), FromMainLow_MQ(87), ToMainHigh_MQ(87), ToMainLow_MQ(87), 
  recv_msg        2   20[BANK0 ] unsigned int 
  recv_msg        1   19[BANK0 ] unsigned char 
 Return value:  Size  Location     Type
                  1    wreg      char 
 Registers used:
		wreg, fsr1l, fsr1h, fsr2l, fsr2h, status,2, status,0, prodl, prodh, cstack
 Tracked objects:
		On entry : 
		On exit  : 
		Unchanged: 
 Data sizes:     COMRAM   BANK0   BANK1   BANK2   BANK3   BANK4   BANK5   BANK6   BANK7   BANK8   BANK9  BANK10  BANK11  BANK12  BANK13  BANK14
      Params:         0       7       0       0       0       0       0       0       0       0       0       0       0       0       0       0
      Locals:         0       5       0       0       0       0       0       0       0       0       0       0       0       0       0       0
      Temps:          0       2       0       0       0       0       0       0       0       0       0       0       0       0       0       0
      Totals:         0      14       0       0       0       0       0       0       0       0       0       0       0       0       0       0
Total ram usage:       14 bytes
 Hardware stack levels used:    1
 Hardware stack levels required when called:    1
 This function calls:
		i2___awmod
		i2_memcpy
 This function is called by:
		_FromMainHigh_recvmsg
 This function uses a non-reentrant model


 *************** function i2_memcpy *****************
 Defined at:
		line 11 in file "C:\Program Files (x86)\Microchip\xc8\v1.32\sources\common\memcpy.c"
 Parameters:    Size  Location     Type
  d1              2    0[BANK0 ] PTR void 
		 -> FromMainLow_MQ.queue(85), FromMainHigh_MQ.queue(85), ToMainHigh_MQ.queue(85), ToMainLow_MQ.queue(85), 
		 -> NULL(0), timer0_int_handler@val(2), uart_transmit_interrupt_handler@data(14), FromMainHigh_MQ(87), 
		 -> FromMainLow_MQ(87), ToMainHigh_MQ(87), ToMainLow_MQ(87), main@msgbuffer(15), 
		 -> main@ic(38), 
  s1              2    2[BANK0 ] PTR const void 
		 -> ToMainLow_MQ.data(14), ToMainHigh_MQ.data(14), FromMainLow_MQ.data(14), FromMainHigh_MQ.data(14), 
		 -> ToMainLow_MQ.queue.data(14), ToMainHigh_MQ.queue.data(14), FromMainHigh_MQ.queue.data(14), FromMainLow_MQ.queue.data(14), 
		 -> NULL(0), timer0_int_handler@val(2), uart_receive_interrupt_handler@message_count(1), uart_receive_interrupt_handler@bad_checksum_message(3), 
		 -> uart_receive_interrupt_handler@gooey_uart_center(14), uart_receive_interrupt_handler@bad_counter_id(2), uart_receive_interrupt_handler@bad_end_id(1), uart_receive_interrupt_handler@bad_start_id(1), 
		 -> i2c_int_handler@error_buf(3), FromMainHigh_MQ(87), FromMainLow_MQ(87), ToMainHigh_MQ(87), 
		 -> ToMainLow_MQ(87), main@uart_response(14), main@msgbuffer(15), main@sensor_data(14), 
		 -> main@t1thread_data(2), main@ic(38), 
  n               2    4[BANK0 ] unsigned int 
 Auto vars:     Size  Location     Type
  memcpy          2    8[BANK0 ] PTR const unsigned char 
		 -> ToMainLow_MQ.data(14), ToMainHigh_MQ.data(14), FromMainLow_MQ.data(14), FromMainHigh_MQ.data(14), 
		 -> ToMainLow_MQ.queue.data(14), ToMainHigh_MQ.queue.data(14), FromMainHigh_MQ.queue.data(14), FromMainLow_MQ.queue.data(14), 
		 -> NULL(0), timer0_int_handler@val(2), uart_receive_interrupt_handler@message_count(1), uart_receive_interrupt_handler@bad_checksum_message(3), 
		 -> uart_receive_interrupt_handler@gooey_uart_center(14), uart_receive_interrupt_handler@bad_counter_id(2), uart_receive_interrupt_handler@bad_end_id(1), uart_receive_interrupt_handler@bad_start_id(1), 
		 -> i2c_int_handler@error_buf(3), FromMainHigh_MQ(87), FromMainLow_MQ(87), ToMainHigh_MQ(87), 
		 -> ToMainLow_MQ(87), main@uart_response(14), main@msgbuffer(15), main@sensor_data(14), 
		 -> main@t1thread_data(2), main@ic(38), 
  memcpy          2    6[BANK0 ] PTR unsigned char 
		 -> FromMainLow_MQ.queue(85), FromMainHigh_MQ.queue(85), ToMainHigh_MQ.queue(85), ToMainLow_MQ.queue(85), 
		 -> NULL(0), timer0_int_handler@val(2), uart_transmit_interrupt_handler@data(14), FromMainHigh_MQ(87), 
		 -> FromMainLow_MQ(87), ToMainHigh_MQ(87), ToMainLow_MQ(87), main@msgbuffer(15), 
		 -> main@ic(38), 
 Return value:  Size  Location     Type
                  2    0[BANK0 ] PTR void 
 Registers used:
		wreg, fsr1l, fsr1h, fsr2l, fsr2h, status,2, status,0
 Tracked objects:
		On entry : 
		On exit  : 
		Unchanged: 
 Data sizes:     COMRAM   BANK0   BANK1   BANK2   BANK3   BANK4   BANK5   BANK6   BANK7   BANK8   BANK9  BANK10  BANK11  BANK12  BANK13  BANK14
      Params:         0       6       0       0       0       0       0       0       0       0       0       0       0       0       0       0
      Locals:         0       4       0       0       0       0       0       0       0       0       0       0       0       0       0       0
      Temps:          0       0       0       0       0       0       0       0       0       0       0       0       0       0       0       0
      Totals:         0      10       0       0       0       0       0       0       0       0       0       0       0       0       0       0
Total ram usage:       10 bytes
 Hardware stack levels used:    1
 This function calls:
		Nothing
 This function is called by:
		i2_send_msg
		i2_recv_msg
 This function uses a non-reentrant model


 *************** function i2___awmod *****************
 Defined at:
		line 8 in file "C:\Program Files (x86)\Microchip\xc8\v1.32\sources\common\awmod.c"
 Parameters:    Size  Location     Type
  dividend        2    0[BANK0 ] int 
  divisor         2    2[BANK0 ] int 
 Auto vars:     Size  Location     Type
  __awmod         1    5[BANK0 ] unsigned char 
  __awmod         1    4[BANK0 ] unsigned char 
 Return value:  Size  Location     Type
                  2    0[BANK0 ] int 
 Registers used:
		wreg, status,2, status,0, prodl
 Tracked objects:
		On entry : 
		On exit  : 
		Unchanged: 
 Data sizes:     COMRAM   BANK0   BANK1   BANK2   BANK3   BANK4   BANK5   BANK6   BANK7   BANK8   BANK9  BANK10  BANK11  BANK12  BANK13  BANK14
      Params:         0       4       0       0       0       0       0       0       0       0       0       0       0       0       0       0
      Locals:         0       2       0       0       0       0       0       0       0       0       0       0       0       0       0       0
      Temps:          0       0       0       0       0       0       0       0       0       0       0       0       0       0       0       0
      Totals:         0       6       0       0       0       0       0       0       0       0       0       0       0       0       0       0
Total ram usage:        6 bytes
 Hardware stack levels used:    1
 This function calls:
		Nothing
 This function is called by:
		i2_send_msg
		i2_recv_msg
 This function uses a non-reentrant model


 *************** function _SleepIfOkay *****************
 Defined at:
		line 226 in file "../src/messages.c"
 Parameters:    Size  Location     Type
		None
 Auto vars:     Size  Location     Type
		None
 Return value:  Size  Location     Type
		None               void
 Registers used:
		wreg, fsr2l, fsr2h, status,2, status,0, prodl, prodh, cstack
 Tracked objects:
		On entry : 
		On exit  : 
		Unchanged: 
 Data sizes:     COMRAM   BANK0   BANK1   BANK2   BANK3   BANK4   BANK5   BANK6   BANK7   BANK8   BANK9  BANK10  BANK11  BANK12  BANK13  BANK14
      Params:         0       0       0       0       0       0       0       0       0       0       0       0       0       0       0       0
      Locals:         0       0       0       0       0       0       0       0       0       0       0       0       0       0       0       0
      Temps:          0       0       0       0       0       0       0       0       0       0       0       0       0       0       0       0
      Totals:         0       0       0       0       0       0       0       0       0       0       0       0       0       0       0       0
Total ram usage:        0 bytes
 Hardware stack levels used:    1
 Hardware stack levels required when called:    2
 This function calls:
		_check_msg
		_enter_sleep_mode
		_in_high_int
		_in_low_int
 This function is called by:
		_InterruptHandlerHigh
 This function uses a non-reentrant model


 *************** function _in_low_int *****************
 Defined at:
		line 33 in file "../src/interrupts.c"
 Parameters:    Size  Location     Type
		None
 Auto vars:     Size  Location     Type
		None
 Return value:  Size  Location     Type
                  2    2[BANK0 ] int 
 Registers used:
		wreg, status,2, status,0, cstack
 Tracked objects:
		On entry : 
		On exit  : 
		Unchanged: 
 Data sizes:     COMRAM   BANK0   BANK1   BANK2   BANK3   BANK4   BANK5   BANK6   BANK7   BANK8   BANK9  BANK10  BANK11  BANK12  BANK13  BANK14
      Params:         0       2       0       0       0       0       0       0       0       0       0       0       0       0       0       0
      Locals:         0       0       0       0       0       0       0       0       0       0       0       0       0       0       0       0
      Temps:          0       0       0       0       0       0       0       0       0       0       0       0       0       0       0       0
      Totals:         0       2       0       0       0       0       0       0       0       0       0       0       0       0       0       0
Total ram usage:        2 bytes
 Hardware stack levels used:    1
 Hardware stack levels required when called:    1
 This function calls:
		_in_high_int
 This function is called by:
		_SleepIfOkay
		_in_main
 This function uses a non-reentrant model


 *************** function _in_high_int *****************
 Defined at:
		line 25 in file "../src/interrupts.c"
 Parameters:    Size  Location     Type
		None
 Auto vars:     Size  Location     Type
		None
 Return value:  Size  Location     Type
                  2    0[BANK0 ] int 
 Registers used:
		wreg, status,2
 Tracked objects:
		On entry : 
		On exit  : 
		Unchanged: 
 Data sizes:     COMRAM   BANK0   BANK1   BANK2   BANK3   BANK4   BANK5   BANK6   BANK7   BANK8   BANK9  BANK10  BANK11  BANK12  BANK13  BANK14
      Params:         0       2       0       0       0       0       0       0       0       0       0       0       0       0       0       0
      Locals:         0       0       0       0       0       0       0       0       0       0       0       0       0       0       0       0
      Temps:          0       0       0       0       0       0       0       0       0       0       0       0       0       0       0       0
      Totals:         0       2       0       0       0       0       0       0       0       0       0       0       0       0       0       0
Total ram usage:        2 bytes
 Hardware stack levels used:    1
 This function calls:
		Nothing
 This function is called by:
		_in_low_int
		_SleepIfOkay
		_in_main
 This function uses a non-reentrant model


 *************** function _enter_sleep_mode *****************
 Defined at:
		line 202 in file "../src/messages.c"
 Parameters:    Size  Location     Type
		None
 Auto vars:     Size  Location     Type
		None
 Return value:  Size  Location     Type
		None               void
 Registers used:
		None
 Tracked objects:
		On entry : 
		On exit  : 
		Unchanged: 
 Data sizes:     COMRAM   BANK0   BANK1   BANK2   BANK3   BANK4   BANK5   BANK6   BANK7   BANK8   BANK9  BANK10  BANK11  BANK12  BANK13  BANK14
      Params:         0       0       0       0       0       0       0       0       0       0       0       0       0       0       0       0
      Locals:         0       0       0       0       0       0       0       0       0       0       0       0       0       0       0       0
      Temps:          0       0       0       0       0       0       0       0       0       0       0       0       0       0       0       0
      Totals:         0       0       0       0       0       0       0       0       0       0       0       0       0       0       0       0
Total ram usage:        0 bytes
 Hardware stack levels used:    1
 This function calls:
		Nothing
 This function is called by:
		_SleepIfOkay
 This function uses a non-reentrant model


 *************** function _check_msg *****************
 Defined at:
		line 220 in file "../src/messages.c"
 Parameters:    Size  Location     Type
  qptr            2    0[BANK0 ] PTR struct __msg_queue
		 -> ToMainHigh_MQ(87), ToMainLow_MQ(87), 
 Auto vars:     Size  Location     Type
		None
 Return value:  Size  Location     Type
                  1    wreg      unsigned char 
 Registers used:
		wreg, fsr2l, fsr2h, status,2, status,0, prodl, prodh
 Tracked objects:
		On entry : 
		On exit  : 
		Unchanged: 
 Data sizes:     COMRAM   BANK0   BANK1   BANK2   BANK3   BANK4   BANK5   BANK6   BANK7   BANK8   BANK9  BANK10  BANK11  BANK12  BANK13  BANK14
      Params:         0       2       0       0       0       0       0       0       0       0       0       0       0       0       0       0
      Locals:         0       0       0       0       0       0       0       0       0       0       0       0       0       0       0       0
      Temps:          0       1       0       0       0       0       0       0       0       0       0       0       0       0       0       0
      Totals:         0       3       0       0       0       0       0       0       0       0       0       0       0       0       0       0
Total ram usage:        3 bytes
 Hardware stack levels used:    1
 This function calls:
		Nothing
 This function is called by:
		_SleepIfOkay
		_block_on_To_msgqueues
 This function uses a non-reentrant model



MODULE INFORMATION

Module		Function		Class		Link	Load	Size
C:\Program Files (x86)\Microchip\xc8\v1.32\sources\common\lwmod.c
		___lwmod       		CODE           	18F8	0000	96

C:\Program Files (x86)\Microchip\xc8\v1.32\sources\common\lwmod.c estimated size: 96

C:\Program Files (x86)\Microchip\xc8\v1.32\sources\common\awmod.c
		___awmod       		CODE           	1364	0000	196

C:\Program Files (x86)\Microchip\xc8\v1.32\sources\common\awmod.c estimated size: 196

C:\Program Files (x86)\Microchip\xc8\v1.32\sources\pic18\plib\Timers\t0open.c
		_OpenTimer0    		CODE           	1DF0	0000	38

C:\Program Files (x86)\Microchip\xc8\v1.32\sources\pic18\plib\Timers\t0open.c estimated size: 38

../src/timer0_thread.c
		_timer0_lthread		CODE           	1E7A	0000	18

../src/timer0_thread.c estimated size: 18

C:\Program Files (x86)\Microchip\xc8\v1.32\sources\pic18\plib\Timers\t1write.c
		_WriteTimer1   		CODE           	1E9E	0000	18

C:\Program Files (x86)\Microchip\xc8\v1.32\sources\pic18\plib\Timers\t1write.c estimated size: 18

C:\Program Files (x86)\Microchip\xc8\v1.32\sources\pic18\plib\Timers\t1read.c
		_ReadTimer1    		CODE           	1EB0	0000	18

C:\Program Files (x86)\Microchip\xc8\v1.32\sources\pic18\plib\Timers\t1read.c estimated size: 18

../src/user_interrupts.c
		_timer0_int_han		CODE           	175E	0000	110
		_timer1_int_han		CODE           	1D74	0000	44

../src/user_interrupts.c estimated size: 154

../src/debug.c
		_blip1         		CODE           	1F0E	0000	8
		_blip2         		CODE           	1F06	0000	8
		_blink0        		CODE           	1F3C	0000	4
		_blip3         		CODE           	1EFE	0000	8
		_blip4         		CODE           	1EF6	0000	8
		_blip          		CODE           	1F16	0000	8
		_debug_configur		CODE           	1EE4	0000	10

../src/debug.c estimated size: 54

C:\Program Files (x86)\Microchip\xc8\v1.32\sources\common\memcpy.c
		_memcpy        		CODE           	1A68	0000	88

C:\Program Files (x86)\Microchip\xc8\v1.32\sources\common\memcpy.c estimated size: 88

C:\Program Files (x86)\Microchip\xc8\v1.32\sources\pic18\plib\Timers\t0write.c
		_WriteTimer0   		CODE           	1EC2	0000	18

C:\Program Files (x86)\Microchip\xc8\v1.32\sources\pic18\plib\Timers\t0write.c estimated size: 18

../src/my_i2c.c
		_start_i2c_slav		CODE           	1B10	0000	76
		_handle_start  		CODE           	129A	0000	202
		_i2c_configure_		CODE           	1DA0	0000	40
		_init_i2c      		CODE           	17CC	0000	102
		_i2c_int_handle		CODE           	00C4	0000	1672

../src/my_i2c.c estimated size: 2092

../src/timer1_thread.c
		_timer1_lthread		CODE           	1896	0000	98
		_init_timer1_lt		CODE           	1E8C	0000	18

../src/timer1_thread.c estimated size: 116

../src/interrupts.c
		_enable_interru		CODE           	1EEE	0000	8
		_in_low_int    		CODE           	1B9C	0000	62
		_in_high_int   		CODE           	1ED4	0000	16
		_InterruptHandl		CODE           	0018	0000	168
		_InterruptHandl		CODE           	0008	0000	5974

../src/interrupts.c estimated size: 6228

shared
		i1_send_msg    		CODE           	14EC	0000	192
		i2_send_msg    		CODE           	0FC4	0000	268
		i2_blip2       		CODE           	1F1E	0000	8
		i1_recv_msg    		CODE           	10D0	0000	232
		i2_recv_msg    		CODE           	0D76	0000	318
		__initializatio		CODE           	19B8	0000	78
		i2_blip1       		CODE           	1F26	0000	8
		i1___awmod     		CODE           	1650	0000	144
		i2___awmod     		CODE           	1428	0000	196
		i2_blip        		CODE           	1F2E	0000	8
		i1_memcpy      		CODE           	1B5C	0000	64
		i2_memcpy      		CODE           	1AC0	0000	80

shared estimated size: 1596

../src/messages.c
		_ToMainHigh_sen		CODE           	1D46	0000	46
		_ToMainHigh_rec		CODE           	1C4C	0000	54
		_check_msg     		CODE           	1CB8	0000	50
		_FromMainLow_se		CODE           	1D18	0000	46
		_ToMainLow_send		CODE           	1E16	0000	36
		_ToMainLow_recv		CODE           	1C16	0000	54
		_FromMainLow_re		CODE           	1DC8	0000	40
		_FromMainHigh_s		CODE           	1CEA	0000	46
		_enter_sleep_mo		CODE           	1F36	0000	6
		_send_msg      		CODE           	0EB4	0000	272
		_FromMainHigh_r		CODE           	1C82	0000	54
		_init_queue    		CODE           	1832	0000	100
		_init_queues   		CODE           	1A10	0000	88
		_recv_msg      		CODE           	0C34	0000	322
		_SleepIfOkay   		CODE           	1958	0000	96

../src/messages.c estimated size: 1310

../src/my_uart.c
		_uart_transmit_		CODE           	15AC	0000	164
		_send_uart_mess		CODE           	1E5A	0000	32
		_uart_configure		CODE           	1E3A	0000	32
		_uart_frame_mes		CODE           	11B8	0000	226
		_uart_receive_i		CODE           	0A8E	0000	422

../src/my_uart.c estimated size: 876

../src/main.c
		_main          		CODE           	074C	0000	834

../src/main.c estimated size: 834

C:\Program Files (x86)\Microchip\xc8\v1.32\sources\pic18\plib\Timers\t1open.c
		_OpenTimer1    		CODE           	1BDA	0000	60

C:\Program Files (x86)\Microchip\xc8\v1.32\sources\pic18\plib\Timers\t1open.c estimated size: 60

