Microchip MPLAB XC8 Compiler V1.32 ()

Linker command line:

--edf=C:\Program Files (x86)\Microchip\xc8\v1.32\dat\en_msgs.txt -cs \
  -h+dist/UseXC8/production\PIC_Master.X.production.sym \
  --cmf=dist/UseXC8/production\PIC_Master.X.production.cmf -z -Q18F46J50 \
  -oC:\Users\alex\AppData\Local\Temp\s57k.6 \
  -Mdist/UseXC8/production/PIC_Master.X.production.map -E1 -ver=XC8 \
  -ASTACK=048Ah-09ffh -pstack=STACK -ACODE=00h-0FFF7h -ACONST=00h-0FFF7h \
  -ASMALLCONST=0F00h-0FFFhx240,0FF00h-0FFF7h -AMEDIUMCONST=0F00h-0FFF7h \
  -ACOMRAM=01h-05Fh -AABS1=00h-0EBFh -ABIGRAM=01h-0EBFh \
  -ARAM=060h-0FFh,0100h-01FFhx13,0E00h-0EBFh -ABANK0=060h-0FFh \
  -ABANK1=0100h-01FFh -ABANK2=0200h-02FFh -ABANK3=0300h-03FFh \
  -ABANK4=0400h-04FFh -ABANK5=0500h-05FFh -ABANK6=0600h-06FFh \
  -ABANK7=0700h-07FFh -ABANK8=0800h-08FFh -ABANK9=0900h-09FFh \
  -ABANK10=0A00h-0AFFh -ABANK11=0B00h-0BFFh -ABANK12=0C00h-0CFFh \
  -ABANK13=0D00h-0DFFh -ABANK14=0E00h-0EBFh \
  -ASFR=0EC0h-0EFFh,0F00h-0F5Fh,0F60h-0FFFh \
  -preset_vec=00h,intcode=08h,intcodelo=018h,powerup,init,end_init \
  -pramtop=0F00h -psmallconst=SMALLCONST -pmediumconst=MEDIUMCONST \
  -pconst=CONST -AFARRAM=00h-00h -ACONFIG=0FFF8h-0FFFFh -pconfig=CONFIG \
  -pjflash_buffer=0F800h \
  -prdata=COMRAM,nvrram=COMRAM,nvbit=COMRAM,rbss=COMRAM,rbit=COMRAM \
  -pfarbss=FARRAM,fardata=FARRAM,nvFARRAM=FARRAM \
  -pintsave_regs=BIGRAM,bigbss=BIGRAM,bigdata=BIGRAM -pbss=RAM \
  -pidata=CODE,irdata=CODE,ibigdata=CODE,ifardata=CODE \
  C:\Users\alex\AppData\Local\Temp\s57k.obj \
  dist/UseXC8/production\PIC_Master.X.production.obj 

Object code version is 3.11

Machine type is 18F46J50

Call graph: (short form)




                Name                               Link     Load   Length Selector   Space Scale
C:\Users\alex\AppData\Local\Temp\s57k.obj
                end_init                             C0       C0        4        C       0
                reset_vec                             0        0        4        0       0
                config                             FFF8     FFF8        8     FFF8       0
dist/UseXC8/production\PIC_Master.X.production.obj
                intcodelo                            18       18       A8        C       0
                intcode                               8        8       10        4       0
                text64                             1A44     1A44        6        C       0
                text63                             1792     1792       32        C       0
                text62                             19CC     19CC       10        C       0
                text61                             1674     1674       3E        C       0
                text60                             1422     1422       60        C       0
                text59                             152A     152A       50        C       0
                text58                              A70      A70      11E        C       0
                text57                             172A     172A       36        C       0
                text56                              C7C      C7C       EC        C       0
                text55                             1850     1850       2E        C       0
                text54                               C4       C4      3A6        C       0
                text53                             19AA     19AA       12        C       0
                text52                             1164     1164       6E        C       0
                intcode_body                       106A     106A       7E        C       0
                text50                             1998     1998       12        C       0
                text49                             157A     157A       40        C       0
                text48                              F1C      F1C       AA        C       0
                text47                             191C     191C       24        C       0
                text46                             1986     1986       12        C       0
                text45                             187E     187E       2C        C       0
                text44                             1A3C     1A3C        8        C       0
                text43                             1A34     1A34        8        C       0
                text42                             1A2C     1A2C        8        C       0
                text41                             1A24     1A24        8        C       0
                text40                              79A      79A      1B8        C       0
                text39                              E4A      E4A       D2        C       0
                text38                             18AA     18AA       28        C       0
                text37                              D68      D68       E2        C       0
                text36                              FC6      FC6       A4        C       0
                text34                             18D2     18D2       26        C       0
                text33                             16EE     16EE       3C        C       0
                text32                             14DA     14DA       50        C       0
                text31                              952      952      11E        C       0
                text30                             1636     1636       3E        C       0
                text29                             15F8     15F8       3E        C       0
                text28                             1A1C     1A1C        8        C       0
                text27                             1A14     1A14        8        C       0
                text26                             1A0C     1A0C        8        C       0
                text25                             1A04     1A04        8        C       0
                text24                             19FC     19FC        8        C       0
                text23                             1960     1960       14        C       0
                text22                             1760     1760       32        C       0
                text21                             19BC     19BC       10        C       0
                text20                             15BA     15BA       3E        C       0
                text19                             16B2     16B2       3C        C       0
                text18                             1300     1300       62        C       0
                text17                             19EA     19EA        A        C       0
                text16                             19F4     19F4        8        C       0
                text15                             13C2     13C2       60        C       0
                text14                              B8E      B8E       EE        C       0
                text13                             1822     1822       2E        C       0
                text12                             17C4     17C4       30        C       0
                text11                             10E8     10E8       7C        C       0
                text10                             129C     129C       64        C       0
                text9                              1482     1482       58        C       0
                text8                              1974     1974       12        C       0
                text7                              17F4     17F4       2E        C       0
                text6                              18F8     18F8       24        C       0
                text5                              19DC     19DC        E        C       0
                text4                              1362     1362       60        C       0
                text3                              1A4A     1A4A        4        C       0
                text2                              11D2     11D2       66        C       0
                text1                              1940     1940       20        C       0
                text0                               46A      46A      330        C       0
                cstackCOMRAM                          1        1       49        1       1
                cstackBANK0                          60       60       47       60       1
                cstackBANK1                         18A      18A       6B      100       1
                bssBANK4                            400      400       8A      400       1
                bssBANK3                            300      300       8A      300       1
                bssBANK2                            200      200       8A      200       1
                bssBANK1                            100      100       8A      100       1
                bssBANK0                             A7       A7       25       60       1
                dataCOMRAM                           51       51        1        1       1
                bssCOMRAM                            4A       4A        7        1       1
                cinit                              1238     1238       64        C       0
                nvBANK0                              CC       CC        2       60       1
                idataCOMRAM                        1A4E     1A4E        1        C       0

TOTAL           Name                               Link     Load   Length     Space
        CLASS   STACK          

        CLASS   CODE           
                end_init                             C0       C0        4         0
                intcodelo                            18       18       A8         0
                intcode                               8        8       10         0
                reset_vec                             0        0        4         0
                text64                             1A44     1A44        6         0
                text63                             1792     1792       32         0
                text62                             19CC     19CC       10         0
                text61                             1674     1674       3E         0
                text60                             1422     1422       60         0
                text59                             152A     152A       50         0
                text58                              A70      A70      11E         0
                text57                             172A     172A       36         0
                text56                              C7C      C7C       EC         0
                text55                             1850     1850       2E         0
                text54                               C4       C4      3A6         0
                text53                             19AA     19AA       12         0
                text52                             1164     1164       6E         0
                intcode_body                       106A     106A       7E         0
                text50                             1998     1998       12         0
                text49                             157A     157A       40         0
                text48                              F1C      F1C       AA         0
                text47                             191C     191C       24         0
                text46                             1986     1986       12         0
                text45                             187E     187E       2C         0
                text44                             1A3C     1A3C        8         0
                text43                             1A34     1A34        8         0
                text42                             1A2C     1A2C        8         0
                text41                             1A24     1A24        8         0
                text40                              79A      79A      1B8         0
                text39                              E4A      E4A       D2         0
                text38                             18AA     18AA       28         0
                text37                              D68      D68       E2         0
                text36                              FC6      FC6       A4         0
                text34                             18D2     18D2       26         0
                text33                             16EE     16EE       3C         0
                text32                             14DA     14DA       50         0
                text31                              952      952      11E         0
                text30                             1636     1636       3E         0
                text29                             15F8     15F8       3E         0
                text28                             1A1C     1A1C        8         0
                text27                             1A14     1A14        8         0
                text26                             1A0C     1A0C        8         0
                text25                             1A04     1A04        8         0
                text24                             19FC     19FC        8         0
                text23                             1960     1960       14         0
                text22                             1760     1760       32         0
                text21                             19BC     19BC       10         0
                text20                             15BA     15BA       3E         0
                text19                             16B2     16B2       3C         0
                text18                             1300     1300       62         0
                text17                             19EA     19EA        A         0
                text16                             19F4     19F4        8         0
                text15                             13C2     13C2       60         0
                text14                              B8E      B8E       EE         0
                text13                             1822     1822       2E         0
                text12                             17C4     17C4       30         0
                text11                             10E8     10E8       7C         0
                text10                             129C     129C       64         0
                text9                              1482     1482       58         0
                text8                              1974     1974       12         0
                text7                              17F4     17F4       2E         0
                text6                              18F8     18F8       24         0
                text5                              19DC     19DC        E         0
                text4                              1362     1362       60         0
                text3                              1A4A     1A4A        4         0
                text2                              11D2     11D2       66         0
                text1                              1940     1940       20         0
                text0                               46A      46A      330         0
                cinit                              1238     1238       64         0
                idataCOMRAM                        1A4E     1A4E        1         0

        CLASS   CONST          

        CLASS   SMALLCONST     

        CLASS   MEDIUMCONST    

        CLASS   COMRAM         
                cstackCOMRAM                          1        1       49         1
                dataCOMRAM                           51       51        1         1
                bssCOMRAM                            4A       4A        7         1

        CLASS   ABS1           

        CLASS   BIGRAM         

        CLASS   RAM            

        CLASS   BANK0          
                cstackBANK0                          60       60       47         1
                bssBANK0                             A7       A7       25         1
                nvBANK0                              CC       CC        2         1

        CLASS   BANK1          
                cstackBANK1                         18A      18A       6B         1
                bssBANK1                            100      100       8A         1

        CLASS   BANK2          
                bssBANK2                            200      200       8A         1

        CLASS   BANK3          
                bssBANK3                            300      300       8A         1

        CLASS   BANK4          
                bssBANK4                            400      400       8A         1

        CLASS   BANK5          

        CLASS   BANK6          

        CLASS   BANK7          

        CLASS   BANK8          

        CLASS   BANK9          

        CLASS   BANK10         

        CLASS   BANK11         

        CLASS   BANK12         

        CLASS   BANK13         

        CLASS   BANK14         

        CLASS   SFR            

        CLASS   FARRAM         

        CLASS   CONFIG         
                config                             FFF8     FFF8        8         0

        CLASS   IDLOC          



SEGMENTS        Name                           Load    Length   Top    Selector   Space  Class

                reset_vec                      000000  000004  000004         0       0  CODE    
                cstackCOMRAM                   000001  000051  000052         1       1  COMRAM  
                intcode                        000008  000010  000018         4       0  CODE    
                intcodelo                      000018  001A37  001A4F         C       0  CODE    
                cstackBANK0                    000060  00006E  0000CE        60       1  BANK0   
                bssBANK1                       000100  0000F5  0001F5       100       1  BANK1   
                bssBANK2                       000200  00008A  00028A       200       1  BANK2   
                bssBANK3                       000300  00008A  00038A       300       1  BANK3   
                bssBANK4                       000400  00008A  00048A       400       1  BANK4   
                config                         00FFF8  000008  010000      FFF8       0  CONFIG  


UNUSED ADDRESS RANGES

        Name                Unused          Largest block    Delta
        BANK0            000CE-000FF              32
        BANK1            001F5-001FF               B
        BANK10           00A00-00AFF             100
        BANK11           00B00-00BFF             100
        BANK12           00C00-00CFF             100
        BANK13           00D00-00DFF             100
        BANK14           00E00-00EBF              C0
        BANK2            0028A-002FF              76
        BANK3            0038A-003FF              76
        BANK4            0048A-004FF              76
        BANK5            00500-005FF             100
        BANK6            00600-006FF             100
        BANK7            00700-007FF             100
        BANK8            00800-008FF             100
        BANK9            00900-009FF             100
        BIGRAM           00052-0005F               E
                         000CE-000FF              32
                         001F5-001FF               B
                         0028A-002FF              76
                         0038A-003FF              76
                         0048A-00EBF             A36
        CODE             00004-00007               4
                         01A4F-0FFF7            E5A9
        COMRAM           00052-0005F               E
        CONST            00004-00007               4
                         01A4F-0FFF7            E5A9
        MEDIUMCONST      01A4F-0FFF7            E5A9
        RAM              000CE-000FF              32
                         001F5-001FF               B
                         0028A-002FF              76
                         0038A-003FF              76
                         0048A-00EBF             100
        SFR              00EC0-00FFF              60
        SMALLCONST       01A4F-0FFF7             100
        STACK            0048A-009FF             576

                                  Symbol Table

?_ReadTimer1                                        cstackCOMRAM  00001
?___lwmod                                           cstackBANK0   00092
?_in_high_int                                       cstackBANK0   00092
?_in_low_int                                        cstackBANK0   00094
?_in_main                                           cstackBANK0   00096
?i2_in_high_int                                     cstackBANK0   00060
?i2_in_low_int                                      cstackBANK0   00062
Delay1KTCYx@unit                                    cstackBANK0   00092
FromMainHigh_recvmsg@data                           cstackBANK0   0007A
FromMainHigh_recvmsg@maxlength                      cstackBANK0   0007C
FromMainHigh_recvmsg@msgtype                        cstackBANK0   00078
FromMainHigh_sendmsg@data                           cstackBANK0   000A4
FromMainHigh_sendmsg@length                         cstackBANK0   000A6
FromMainHigh_sendmsg@msgtype                        cstackBANK0   000A3
FromMainLow_recvmsg@data                            cstackCOMRAM  0001B
FromMainLow_recvmsg@maxlength                       cstackCOMRAM  0001D
FromMainLow_recvmsg@msgtype                         cstackCOMRAM  00019
FromMainLow_sendmsg@data                            cstackBANK0   000A4
FromMainLow_sendmsg@length                          cstackBANK0   000A6
FromMainLow_sendmsg@msgtype                         cstackBANK0   000A3
OpenTimer0@config                                   cstackBANK0   00092
OpenTimer1@config                                   cstackBANK0   00094
OpenTimer1@config1                                  cstackBANK0   00092
ReadTimer1@timer                                    cstackCOMRAM  00003
ToMainHigh_recvmsg@data                             cstackBANK1   00191
ToMainHigh_recvmsg@maxlength                        cstackBANK0   000A5
ToMainHigh_recvmsg@msgtype                          cstackBANK1   0018F
ToMainHigh_sendmsg@data                             cstackBANK0   00077
ToMainHigh_sendmsg@length                           cstackBANK0   00079
ToMainHigh_sendmsg@msgtype                          cstackBANK0   00076
ToMainLow_recvmsg@data                              cstackBANK1   00191
ToMainLow_recvmsg@maxlength                         cstackBANK0   000A5
ToMainLow_recvmsg@msgtype                           cstackBANK1   0018F
ToMainLow_sendmsg@data                              cstackCOMRAM  00018
ToMainLow_sendmsg@length                            cstackCOMRAM  0001A
ToMainLow_sendmsg@msgtype                           cstackCOMRAM  00017
WriteTimer0@timer                                   cstackBANK0   00062
WriteTimer0@timer0                                  cstackBANK0   00060
WriteTimer1@timer                                   cstackCOMRAM  00003
WriteTimer1@timer1                                  cstackCOMRAM  00001
_BAUDCONbits                                        (abs)         00F7E
_Delay1KTCYx                                        text23        01960
_FromMainHigh_MQ                                    bssBANK4      00400
_FromMainHigh_recvmsg                               text57        0172A
_FromMainHigh_sendmsg                               text13        01822
_FromMainLow_MQ                                     bssBANK3      00300
_FromMainLow_recvmsg                                text38        018AA
_FromMainLow_sendmsg                                text7         017F4
_INTCONbits                                         (abs)         00FF2
_IPR1bits                                           (abs)         00F9F
_InterruptHandlerHigh                               intcode       00008
_InterruptHandlerLow                                intcodelo     00018
_LATB                                               (abs)         00F8A
_LATBbits                                           (abs)         00F8A
_LATDbits                                           (abs)         00F8C
_MQ_Main_Willing_to_block                           bssBANK0      000B9
_OSCCON                                             (abs)         00FD3
_OSCCONbits                                         (abs)         00FD3
_OSCTUNEbits                                        (abs)         00F9B
_OpenTimer0                                         text34        018D2
_OpenTimer1                                         text33        016EE
_PIE1bits                                           (abs)         00F9D
_PIR1bits                                           (abs)         00F9E
_PORTBbits                                          (abs)         00F81
_RCONbits                                           (abs)         00FD0
_RCREG1                                             (abs)         00FAF
_RCSTA1bits                                         (abs)         00FAC
_ReadTimer1                                         text50        01998
_SPBRG1                                             (abs)         00FB0
_SPBRGH1                                            (abs)         00F7F
_SSP1ADD                                            (abs)         00FC8
_SSP1BUF                                            (abs)         00FC9
_SSP1CON1bits                                       (abs)         00FC6
_SSP1CON2bits                                       (abs)         00FC5
_SSP1STATbits                                       (abs)         00FC7
_SSPADD                                             (abs)         00FC8
_SSPBUF                                             (abs)         00FC9
_SSPCON1                                            (abs)         00FC6
_SSPCON1bits                                        (abs)         00FC6
_SSPCON2                                            (abs)         00FC5
_SSPCON2bits                                        (abs)         00FC5
_SSPSTAT                                            (abs)         00FC7
_SSPSTATbits                                        (abs)         00FC7
_SleepIfOkay                                        text60        01422
_T0CON                                              (abs)         00FD5
_T0CONbits                                          (abs)         00FD5
_T1CON                                              (abs)         00FCD
_T1CONbits                                          (abs)         00FCD
_T1GCON                                             (abs)         00F9A
_T1GCONbits                                         (abs)         00F9A
_TMR0H                                              (abs)         00FD7
_TMR0L                                              (abs)         00FD6
_TMR1H                                              (abs)         00FCF
_TMR1L                                              (abs)         00FCE
_TRISB                                              (abs)         00F93
_TRISBbits                                          (abs)         00F93
_TRISCbits                                          (abs)         00F94
_TRISD                                              (abs)         00F95
_TXREG1                                             (abs)         00FAE
_TXSTA1bits                                         (abs)         00FAD
_ToMainHigh_MQ                                      bssBANK2      00200
_ToMainHigh_recvmsg                                 text30        01636
_ToMainHigh_sendmsg                                 text55        01850
_ToMainLow_MQ                                       bssBANK1      00100
_ToMainLow_recvmsg                                  text29        015F8
_ToMainLow_sendmsg                                  text47        0191C
_WriteTimer0                                        text53        019AA
_WriteTimer1                                        text46        01986
__CFG_CP0$OFF                                       (abs)         00000
__CFG_CPUDIV$OSC1                                   (abs)         00000
__CFG_DSBOREN$OFF                                   (abs)         00000
__CFG_DSWDTEN$OFF                                   (abs)         00000
__CFG_DSWDTOSC$T1OSCREF                             (abs)         00000
__CFG_DSWDTPS$G2                                    (abs)         00000
__CFG_FCMEN$OFF                                     (abs)         00000
__CFG_IESO$ON                                       (abs)         00000
__CFG_IOL1WAY$ON                                    (abs)         00000
__CFG_LPT1OSC$OFF                                   (abs)         00000
__CFG_MSSP7B_EN$MSK7                                (abs)         00000
__CFG_OSC$HSPLL                                     (abs)         00000
__CFG_PLLDIV$3                                      (abs)         00000
__CFG_RTCOSC$T1OSCREF                               (abs)         00000
__CFG_STVREN$OFF                                    (abs)         00000
__CFG_T1DIG$OFF                                     (abs)         00000
__CFG_WDTEN$OFF                                     (abs)         00000
__CFG_WDTPS$32768                                   (abs)         00000
__CFG_WPCFG$OFF                                     (abs)         00000
__CFG_WPDIS$OFF                                     (abs)         00000
__CFG_WPEND$PAGE_WPFP                               (abs)         00000
__CFG_WPFP$PAGE_63                                  (abs)         00000
__CFG_XINST$OFF                                     (abs)         00000
__HRAM                                              (abs)         00000
__Habs1                                             abs1          00000
__Hbank0                                            bank0         00000
__Hbank1                                            bank1         00000
__Hbank10                                           bank10        00000
__Hbank11                                           bank11        00000
__Hbank12                                           bank12        00000
__Hbank13                                           bank13        00000
__Hbank14                                           bank14        00000
__Hbank2                                            bank2         00000
__Hbank3                                            bank3         00000
__Hbank4                                            bank4         00000
__Hbank5                                            bank5         00000
__Hbank6                                            bank6         00000
__Hbank7                                            bank7         00000
__Hbank8                                            bank8         00000
__Hbank9                                            bank9         00000
__Hbigbss                                           bigbss        00000
__Hbigdata                                          bigdata       00000
__Hbigram                                           bigram        00000
__Hbss                                              bss           00000
__HbssBANK0                                         bssBANK0      00000
__HbssBANK1                                         bssBANK1      00000
__HbssBANK2                                         bssBANK2      00000
__HbssBANK3                                         bssBANK3      00000
__HbssBANK4                                         bssBANK4      00000
__HbssCOMRAM                                        bssCOMRAM     00000
__Hcinit                                            cinit         00000
__Hclrtext                                          clrtext       00000
__Hcomram                                           comram        00000
__Hconfig                                           config        10000
__Hconst                                            const         00000
__HcstackBANK0                                      cstackBANK0   00000
__HcstackBANK1                                      cstackBANK1   00000
__HcstackCOMRAM                                     cstackCOMRAM  00000
__Hdata                                             data          00000
__HdataCOMRAM                                       dataCOMRAM    00000
__Hend_init                                         end_init      000C4
__Hfarbss                                           farbss        00000
__Hfardata                                          fardata       00000
__Hibigdata                                         ibigdata      00000
__Hidata                                            idata         00000
__HidataCOMRAM                                      idataCOMRAM   00000
__Hidloc                                            idloc         00000
__Hifardata                                         ifardata      00000
__Hinit                                             init          000C0
__Hintcode                                          intcode       00018
__Hintcode_body                                     intcode_body  00000
__Hintcodelo                                        intcodelo     000C0
__Hintentry                                         intentry      00000
__Hintret                                           intret        00000
__Hintsave_regs                                     intsave_regs  00000
__Hirdata                                           irdata        00000
__Hjflash_buffer                                    jflash_buffer 0F800
__Hmediumconst                                      mediumconst   00000
__HnvBANK0                                          nvBANK0       00000
__HnvFARRAM                                         nvFARRAM      00000
__Hnvbit                                            nvbit         00000
__Hnvrram                                           nvrram        00000
__Hparam                                            param0        00000
__Hparam0                                           param0        00000
__Hpowerup                                          powerup       000C0
__Hram                                              ram           00000
__Hramtop                                           ramtop        00F00
__Hrbit                                             rbit          00000
__Hrbss                                             rbss          00000
__Hrdata                                            rdata         00000
__Hreset_vec                                        reset_vec     00004
__Hsfr                                              sfr           00000
__Hsmallconst                                       smallconst    00000
__Hspace_0                                          (abs)         10000
__Hspace_1                                          (abs)         0048A
__Hspace_2                                          (abs)         00000
__Hstack                                            stack         00000
__Hstruct                                           struct        00000
__Htemp                                             temp          00000
__Htext                                             text          00000
__Htext0                                            text0         00000
__Htext1                                            text1         00000
__Htext10                                           text10        00000
__Htext11                                           text11        00000
__Htext12                                           text12        00000
__Htext13                                           text13        00000
__Htext14                                           text14        00000
__Htext15                                           text15        00000
__Htext16                                           text16        00000
__Htext17                                           text17        00000
__Htext18                                           text18        00000
__Htext19                                           text19        00000
__Htext2                                            text2         00000
__Htext20                                           text20        00000
__Htext21                                           text21        00000
__Htext22                                           text22        00000
__Htext23                                           text23        00000
__Htext24                                           text24        00000
__Htext25                                           text25        00000
__Htext26                                           text26        00000
__Htext27                                           text27        00000
__Htext28                                           text28        00000
__Htext29                                           text29        00000
__Htext3                                            text3         00000
__Htext30                                           text30        00000
__Htext31                                           text31        00000
__Htext32                                           text32        00000
__Htext33                                           text33        00000
__Htext34                                           text34        00000
__Htext36                                           text36        00000
__Htext37                                           text37        00000
__Htext38                                           text38        00000
__Htext39                                           text39        00000
__Htext4                                            text4         00000
__Htext40                                           text40        00000
__Htext41                                           text41        00000
__Htext42                                           text42        00000
__Htext43                                           text43        00000
__Htext44                                           text44        00000
__Htext45                                           text45        00000
__Htext46                                           text46        00000
__Htext47                                           text47        00000
__Htext48                                           text48        00000
__Htext49                                           text49        00000
__Htext5                                            text5         00000
__Htext50                                           text50        00000
__Htext52                                           text52        00000
__Htext53                                           text53        00000
__Htext54                                           text54        00000
__Htext55                                           text55        00000
__Htext56                                           text56        00000
__Htext57                                           text57        00000
__Htext58                                           text58        00000
__Htext59                                           text59        00000
__Htext6                                            text6         00000
__Htext60                                           text60        00000
__Htext61                                           text61        00000
__Htext62                                           text62        00000
__Htext63                                           text63        00000
__Htext64                                           text64        00000
__Htext7                                            text7         00000
__Htext8                                            text8         00000
__Htext9                                            text9         00000
__LRAM                                              (abs)         00001
__Labs1                                             abs1          00000
__Lbank0                                            bank0         00000
__Lbank1                                            bank1         00000
__Lbank10                                           bank10        00000
__Lbank11                                           bank11        00000
__Lbank12                                           bank12        00000
__Lbank13                                           bank13        00000
__Lbank14                                           bank14        00000
__Lbank2                                            bank2         00000
__Lbank3                                            bank3         00000
__Lbank4                                            bank4         00000
__Lbank5                                            bank5         00000
__Lbank6                                            bank6         00000
__Lbank7                                            bank7         00000
__Lbank8                                            bank8         00000
__Lbank9                                            bank9         00000
__Lbigbss                                           bigbss        00000
__Lbigdata                                          bigdata       00000
__Lbigram                                           bigram        00000
__Lbss                                              bss           00000
__LbssBANK0                                         bssBANK0      00000
__LbssBANK1                                         bssBANK1      00000
__LbssBANK2                                         bssBANK2      00000
__LbssBANK3                                         bssBANK3      00000
__LbssBANK4                                         bssBANK4      00000
__LbssCOMRAM                                        bssCOMRAM     00000
__Lcinit                                            cinit         00000
__Lclrtext                                          clrtext       00000
__Lcomram                                           comram        00000
__Lconfig                                           config        0FFF8
__Lconst                                            const         00000
__LcstackBANK0                                      cstackBANK0   00000
__LcstackBANK1                                      cstackBANK1   00000
__LcstackCOMRAM                                     cstackCOMRAM  00000
__Ldata                                             data          00000
__LdataCOMRAM                                       dataCOMRAM    00000
__Lend_init                                         end_init      000C0
__Lfarbss                                           farbss        00000
__Lfardata                                          fardata       00000
__Libigdata                                         ibigdata      00000
__Lidata                                            idata         00000
__LidataCOMRAM                                      idataCOMRAM   00000
__Lidloc                                            idloc         00000
__Lifardata                                         ifardata      00000
__Linit                                             init          000C0
__Lintcode                                          intcode       00008
__Lintcode_body                                     intcode_body  00000
__Lintcodelo                                        intcodelo     00018
__Lintentry                                         intentry      00000
__Lintret                                           intret        00000
__Lintsave_regs                                     intsave_regs  00000
__Lirdata                                           irdata        00000
__Ljflash_buffer                                    jflash_buffer 0F800
__Lmediumconst                                      mediumconst   00000
__LnvBANK0                                          nvBANK0       00000
__LnvFARRAM                                         nvFARRAM      00000
__Lnvbit                                            nvbit         00000
__Lnvrram                                           nvrram        00000
__Lparam                                            param0        00000
__Lparam0                                           param0        00000
__Lpowerup                                          powerup       000C0
__Lram                                              ram           00000
__Lramtop                                           ramtop        00F00
__Lrbit                                             rbit          00000
__Lrbss                                             rbss          00000
__Lrdata                                            rdata         00000
__Lreset_vec                                        reset_vec     00000
__Lsfr                                              sfr           00000
__Lsmallconst                                       smallconst    00000
__Lspace_0                                          (abs)         00000
__Lspace_1                                          (abs)         00000
__Lspace_2                                          (abs)         00000
__Lstack                                            stack         00000
__Lstruct                                           struct        00000
__Ltemp                                             temp          00000
__Ltext                                             text          00000
__Ltext0                                            text0         00000
__Ltext1                                            text1         00000
__Ltext10                                           text10        00000
__Ltext11                                           text11        00000
__Ltext12                                           text12        00000
__Ltext13                                           text13        00000
__Ltext14                                           text14        00000
__Ltext15                                           text15        00000
__Ltext16                                           text16        00000
__Ltext17                                           text17        00000
__Ltext18                                           text18        00000
__Ltext19                                           text19        00000
__Ltext2                                            text2         00000
__Ltext20                                           text20        00000
__Ltext21                                           text21        00000
__Ltext22                                           text22        00000
__Ltext23                                           text23        00000
__Ltext24                                           text24        00000
__Ltext25                                           text25        00000
__Ltext26                                           text26        00000
__Ltext27                                           text27        00000
__Ltext28                                           text28        00000
__Ltext29                                           text29        00000
__Ltext3                                            text3         00000
__Ltext30                                           text30        00000
__Ltext31                                           text31        00000
__Ltext32                                           text32        00000
__Ltext33                                           text33        00000
__Ltext34                                           text34        00000
__Ltext36                                           text36        00000
__Ltext37                                           text37        00000
__Ltext38                                           text38        00000
__Ltext39                                           text39        00000
__Ltext4                                            text4         00000
__Ltext40                                           text40        00000
__Ltext41                                           text41        00000
__Ltext42                                           text42        00000
__Ltext43                                           text43        00000
__Ltext44                                           text44        00000
__Ltext45                                           text45        00000
__Ltext46                                           text46        00000
__Ltext47                                           text47        00000
__Ltext48                                           text48        00000
__Ltext49                                           text49        00000
__Ltext5                                            text5         00000
__Ltext50                                           text50        00000
__Ltext52                                           text52        00000
__Ltext53                                           text53        00000
__Ltext54                                           text54        00000
__Ltext55                                           text55        00000
__Ltext56                                           text56        00000
__Ltext57                                           text57        00000
__Ltext58                                           text58        00000
__Ltext59                                           text59        00000
__Ltext6                                            text6         00000
__Ltext60                                           text60        00000
__Ltext61                                           text61        00000
__Ltext62                                           text62        00000
__Ltext63                                           text63        00000
__Ltext64                                           text64        00000
__Ltext7                                            text7         00000
__Ltext8                                            text8         00000
__Ltext9                                            text9         00000
__S0                                                (abs)         10000
__S1                                                (abs)         0048A
__S2                                                (abs)         00000
___inthi_sp                                         stack         00000
___intlo_sp                                         stack         00000
___lwmod                                            text4         01362
___lwmod@counter                                    cstackBANK0   00096
___lwmod@dividend                                   cstackBANK0   00092
___lwmod@divisor                                    cstackBANK0   00094
___sp                                               stack         00000
__accesstop                                         (abs)         00060
__activetblptr                                      (abs)         00002
__end_of_Delay1KTCYx                                text23        01974
__end_of_FromMainHigh_recvmsg                       text57        01760
__end_of_FromMainHigh_sendmsg                       text13        01850
__end_of_FromMainLow_recvmsg                        text38        018D2
__end_of_FromMainLow_sendmsg                        text7         01822
__end_of_InterruptHandlerHigh                       intcode_body  010E8
__end_of_InterruptHandlerLow                        intcodelo     000C0
__end_of_OpenTimer0                                 text34        018F8
__end_of_OpenTimer1                                 text33        0172A
__end_of_ReadTimer1                                 text50        019AA
__end_of_SleepIfOkay                                text60        01482
__end_of_ToMainHigh_recvmsg                         text30        01674
__end_of_ToMainHigh_sendmsg                         text55        0187E
__end_of_ToMainLow_recvmsg                          text29        01636
__end_of_ToMainLow_sendmsg                          text47        01940
__end_of_WriteTimer0                                text53        019BC
__end_of_WriteTimer1                                text46        01998
__end_of___lwmod                                    text4         013C2
__end_of__initialization                            cinit         01292
__end_of_blink0                                     text3         01A4E
__end_of_blip                                       text28        01A24
__end_of_blip1                                      text27        01A1C
__end_of_blip2                                      text26        01A14
__end_of_blip3                                      text25        01A0C
__end_of_blip4                                      text24        01A04
__end_of_block_on_To_msgqueues                      text18        01362
__end_of_check_msg                                  text22        01792
__end_of_debug_configure                            text17        019F4
__end_of_enable_interrupts                          text16        019FC
__end_of_enter_sleep_mode                           text64        01A4A
__end_of_i2c_configure_master                       text15        01422
__end_of_i2c_int_handler                            text54        0046A
__end_of_i2c_master_send                            text12        017F4
__end_of_in_high_int                                text21        019CC
__end_of_in_low_int                                 text20        015F8
__end_of_in_main                                    text19        016EE
__end_of_init_i2c                                   text11        01164
__end_of_init_queue                                 text10        01300
__end_of_init_queues                                text9         014DA
__end_of_init_timer1_lthread                        text8         01986
__end_of_main                                       text0         0079A
__end_of_memcpy                                     text32        0152A
__end_of_recv_msg                                   text31        00A70
__end_of_send_msg                                   text14        00C7C
__end_of_send_uart_message                          text6         0191C
__end_of_timer0_int_handler                         text52        011D2
__end_of_timer0_lthread                             text5         019EA
__end_of_timer1_int_handler                         text45        018AA
__end_of_timer1_lthread                             text2         01238
__end_of_uart_configure                             text1         01960
__end_of_uart_frame_message                         text37        00E4A
__end_of_uart_receive_interrupt_handler             text40        00952
__end_of_uart_transmit_interrupt_handler            text36        0106A
__end_ofi1_blip                                     text44        01A44
__end_ofi1_blip1                                    text43        01A3C
__end_ofi1_blip2                                    text42        01A34
__end_ofi1_blip3                                    text41        01A2C
__end_ofi1_memcpy                                   text49        015BA
__end_ofi1_recv_msg                                 text39        00F1C
__end_ofi1_send_msg                                 text48        00FC6
__end_ofi2_check_msg                                text63        017C4
__end_ofi2_in_high_int                              text62        019DC
__end_ofi2_in_low_int                               text61        016B2
__end_ofi2_memcpy                                   text59        0157A
__end_ofi2_recv_msg                                 text58        00B8E
__end_ofi2_send_msg                                 text56        00D68
__initialization                                    cinit         01238
__mediumconst                                       mediumconst   00000
__pbssBANK0                                         bssBANK0      000A7
__pbssBANK1                                         bssBANK1      00100
__pbssBANK2                                         bssBANK2      00200
__pbssBANK3                                         bssBANK3      00300
__pbssBANK4                                         bssBANK4      00400
__pbssCOMRAM                                        bssCOMRAM     0004A
__pcinit                                            cinit         01238
__pcstackBANK0                                      cstackBANK0   00060
__pcstackBANK1                                      cstackBANK1   0018A
__pcstackCOMRAM                                     cstackCOMRAM  00001
__pdataCOMRAM                                       dataCOMRAM    00051
__pidataCOMRAM                                      idataCOMRAM   01A4E
__pintcode                                          intcode       00008
__pintcode_body                                     intcode_body  0106A
__pintcodelo                                        intcodelo     00018
__pnvBANK0                                          nvBANK0       000CC
__ptext0                                            text0         0046A
__ptext1                                            text1         01940
__ptext10                                           text10        0129C
__ptext11                                           text11        010E8
__ptext12                                           text12        017C4
__ptext13                                           text13        01822
__ptext14                                           text14        00B8E
__ptext15                                           text15        013C2
__ptext16                                           text16        019F4
__ptext17                                           text17        019EA
__ptext18                                           text18        01300
__ptext19                                           text19        016B2
__ptext2                                            text2         011D2
__ptext20                                           text20        015BA
__ptext21                                           text21        019BC
__ptext22                                           text22        01760
__ptext23                                           text23        01960
__ptext24                                           text24        019FC
__ptext25                                           text25        01A04
__ptext26                                           text26        01A0C
__ptext27                                           text27        01A14
__ptext28                                           text28        01A1C
__ptext29                                           text29        015F8
__ptext3                                            text3         01A4A
__ptext30                                           text30        01636
__ptext31                                           text31        00952
__ptext32                                           text32        014DA
__ptext33                                           text33        016EE
__ptext34                                           text34        018D2
__ptext36                                           text36        00FC6
__ptext37                                           text37        00D68
__ptext38                                           text38        018AA
__ptext39                                           text39        00E4A
__ptext4                                            text4         01362
__ptext40                                           text40        0079A
__ptext41                                           text41        01A24
__ptext42                                           text42        01A2C
__ptext43                                           text43        01A34
__ptext44                                           text44        01A3C
__ptext45                                           text45        0187E
__ptext46                                           text46        01986
__ptext47                                           text47        0191C
__ptext48                                           text48        00F1C
__ptext49                                           text49        0157A
__ptext5                                            text5         019DC
__ptext50                                           text50        01998
__ptext52                                           text52        01164
__ptext53                                           text53        019AA
__ptext54                                           text54        000C4
__ptext55                                           text55        01850
__ptext56                                           text56        00C7C
__ptext57                                           text57        0172A
__ptext58                                           text58        00A70
__ptext59                                           text59        0152A
__ptext6                                            text6         018F8
__ptext60                                           text60        01422
__ptext61                                           text61        01674
__ptext62                                           text62        019CC
__ptext63                                           text63        01792
__ptext64                                           text64        01A44
__ptext7                                            text7         017F4
__ptext8                                            text8         01974
__ptext9                                            text9         01482
__ramtop                                            ramtop        00F00
__size_of_Delay1KTCYx                               (abs)         00000
__size_of_FromMainHigh_recvmsg                      (abs)         00000
__size_of_FromMainHigh_sendmsg                      (abs)         00000
__size_of_FromMainLow_recvmsg                       (abs)         00000
__size_of_FromMainLow_sendmsg                       (abs)         00000
__size_of_InterruptHandlerHigh                      (abs)         00000
__size_of_InterruptHandlerLow                       (abs)         00000
__size_of_OpenTimer0                                (abs)         00000
__size_of_OpenTimer1                                (abs)         00000
__size_of_ReadTimer1                                (abs)         00000
__size_of_SleepIfOkay                               (abs)         00000
__size_of_ToMainHigh_recvmsg                        (abs)         00000
__size_of_ToMainHigh_sendmsg                        (abs)         00000
__size_of_ToMainLow_recvmsg                         (abs)         00000
__size_of_ToMainLow_sendmsg                         (abs)         00000
__size_of_WriteTimer0                               (abs)         00000
__size_of_WriteTimer1                               (abs)         00000
__size_of___lwmod                                   (abs)         00000
__size_of_blink0                                    (abs)         00000
__size_of_blip                                      (abs)         00000
__size_of_blip1                                     (abs)         00000
__size_of_blip2                                     (abs)         00000
__size_of_blip3                                     (abs)         00000
__size_of_blip4                                     (abs)         00000
__size_of_block_on_To_msgqueues                     (abs)         00000
__size_of_check_msg                                 (abs)         00000
__size_of_debug_configure                           (abs)         00000
__size_of_enable_interrupts                         (abs)         00000
__size_of_enter_sleep_mode                          (abs)         00000
__size_of_i2c_configure_master                      (abs)         00000
__size_of_i2c_int_handler                           (abs)         00000
__size_of_i2c_master_send                           (abs)         00000
__size_of_in_high_int                               (abs)         00000
__size_of_in_low_int                                (abs)         00000
__size_of_in_main                                   (abs)         00000
__size_of_init_i2c                                  (abs)         00000
__size_of_init_queue                                (abs)         00000
__size_of_init_queues                               (abs)         00000
__size_of_init_timer1_lthread                       (abs)         00000
__size_of_main                                      (abs)         00000
__size_of_memcpy                                    (abs)         00000
__size_of_recv_msg                                  (abs)         00000
__size_of_send_msg                                  (abs)         00000
__size_of_send_uart_message                         (abs)         00000
__size_of_timer0_int_handler                        (abs)         00000
__size_of_timer0_lthread                            (abs)         00000
__size_of_timer1_int_handler                        (abs)         00000
__size_of_timer1_lthread                            (abs)         00000
__size_of_uart_configure                            (abs)         00000
__size_of_uart_frame_message                        (abs)         00000
__size_of_uart_receive_interrupt_handler            (abs)         00000
__size_of_uart_transmit_interrupt_handler           (abs)         00000
__size_ofi1_blip                                    (abs)         00000
__size_ofi1_blip1                                   (abs)         00000
__size_ofi1_blip2                                   (abs)         00000
__size_ofi1_blip3                                   (abs)         00000
__size_ofi1_memcpy                                  (abs)         00000
__size_ofi1_recv_msg                                (abs)         00000
__size_ofi1_send_msg                                (abs)         00000
__size_ofi2_check_msg                               (abs)         00000
__size_ofi2_in_high_int                             (abs)         00000
__size_ofi2_in_low_int                              (abs)         00000
__size_ofi2_memcpy                                  (abs)         00000
__size_ofi2_recv_msg                                (abs)         00000
__size_ofi2_send_msg                                (abs)         00000
__smallconst                                        smallconst    00000
_blink0                                             text3         01A4A
_blip                                               text28        01A1C
_blip1                                              text27        01A14
_blip2                                              text26        01A0C
_blip3                                              text25        01A04
_blip4                                              text24        019FC
_block_on_To_msgqueues                              text18        01300
_check_msg                                          text22        01760
_debug_configure                                    text17        019EA
_enable_interrupts                                  text16        019F4
_enter_sleep_mode                                   text64        01A44
_i2c_configure_master                               text15        013C2
_i2c_int_handler                                    text54        000C4
_i2c_master_send                                    text12        017C4
_ic_ptr                                             nvBANK0       000CC
_in_high_int                                        text21        019BC
_in_low_int                                         text20        015BA
_in_main                                            text19        016B2
_init_i2c                                           text11        010E8
_init_queue                                         text10        0129C
_init_queues                                        text9         01482
_init_timer1_lthread                                text8         01974
_main                                               text0         0046A
_memcpy                                             text32        014DA
_recv_msg                                           text31        00952
_send_msg                                           text14        00B8E
_send_uart_message                                  text6         018F8
_timer0_int_handler                                 text52        01164
_timer0_lthread                                     text5         019DC
_timer1_int_handler                                 text45        0187E
_timer1_lthread                                     text2         011D2
_uart_configure                                     text1         01940
_uart_frame_message                                 text37        00D68
_uart_receive_interrupt_handler                     text40        0079A
_uart_transmit_interrupt_handler                    text36        00FC6
check_msg@qptr                                      cstackBANK0   00092
end_of_initialization                               cinit         01292
i1_blip                                             text44        01A3C
i1_blip1                                            text43        01A34
i1_blip2                                            text42        01A2C
i1_blip3                                            text41        01A24
i1_memcpy                                           text49        0157A
i1_recv_msg                                         text39        00E4A
i1_send_msg                                         text48        00F1C
i1memcpy@d                                          cstackCOMRAM  00007
i1memcpy@d1                                         cstackCOMRAM  00001
i1memcpy@n                                          cstackCOMRAM  00005
i1memcpy@s                                          cstackCOMRAM  00009
i1memcpy@s1                                         cstackCOMRAM  00003
i1recv_msg@data                                     cstackCOMRAM  00010
i1recv_msg@maxlength                                cstackCOMRAM  0000D
i1recv_msg@msgtype                                  cstackCOMRAM  0000E
i1recv_msg@qmsg                                     cstackCOMRAM  00017
i1recv_msg@qptr                                     cstackCOMRAM  0000B
i1recv_msg@slot                                     cstackCOMRAM  00014
i1recv_msg@tlength                                  cstackCOMRAM  00015
i1send_msg@data                                     cstackCOMRAM  0000F
i1send_msg@length                                   cstackCOMRAM  0000D
i1send_msg@msgtype                                  cstackCOMRAM  0000E
i1send_msg@qmsg                                     cstackCOMRAM  00015
i1send_msg@qptr                                     cstackCOMRAM  0000B
i1send_msg@slot                                     cstackCOMRAM  00014
i1send_msg@tlength                                  cstackCOMRAM  00012
i2_check_msg                                        text63        01792
i2_in_high_int                                      text62        019CC
i2_in_low_int                                       text61        01674
i2_memcpy                                           text59        0152A
i2_recv_msg                                         text58        00A70
i2_send_msg                                         text56        00C7C
i2c_configure_master@slave_addr                     cstackBANK0   00092
i2c_int_handler@command_byte                        cstackBANK0   00080
i2c_int_handler@err                                 cstackBANK0   0007E
i2c_int_handler@err_2066                            cstackBANK0   0007F
i2c_int_handler@len                                 cstackBANK0   00083
i2c_int_handler@msg_to_send                         cstackBANK0   00082
i2c_int_handler@read_bit                            cstackBANK0   00081
i2c_master_send@length                              cstackBANK1   00192
i2c_master_send@msg                                 cstackBANK1   0018F
i2check_msg@qptr                                    cstackBANK0   00060
i2memcpy@d                                          cstackBANK0   00066
i2memcpy@d1                                         cstackBANK0   00060
i2memcpy@n                                          cstackBANK0   00064
i2memcpy@s                                          cstackBANK0   00068
i2memcpy@s1                                         cstackBANK0   00062
i2recv_msg@data                                     cstackBANK0   0006F
i2recv_msg@maxlength                                cstackBANK0   0006C
i2recv_msg@msgtype                                  cstackBANK0   0006D
i2recv_msg@qmsg                                     cstackBANK0   00076
i2recv_msg@qptr                                     cstackBANK0   0006A
i2recv_msg@slot                                     cstackBANK0   00073
i2recv_msg@tlength                                  cstackBANK0   00074
i2send_msg@data                                     cstackBANK0   0006E
i2send_msg@length                                   cstackBANK0   0006C
i2send_msg@msgtype                                  cstackBANK0   0006D
i2send_msg@qmsg                                     cstackBANK0   00074
i2send_msg@qptr                                     cstackBANK0   0006A
i2send_msg@slot                                     cstackBANK0   00073
i2send_msg@tlength                                  cstackBANK0   00071
init_i2c@ic                                         cstackBANK0   00092
init_queue@i                                        cstackBANK0   00094
init_queue@qptr                                     cstackBANK0   00092
init_timer1_lthread@tptr                            cstackBANK0   00092
int_func                                            intcode_body  0106A
intlevel0                                           text          00000
intlevel1                                           text          00000
intlevel2                                           text          00000
intlevel3                                           text          00000
main@ic                                             cstackBANK1   001CF
main@jjj                                            cstackBANK1   001C8
main@last_reg_recvd                                 cstackBANK1   001A6
main@length                                         cstackBANK1   001CD
main@msgbuffer                                      cstackBANK1   001A9
main@msgtype                                        cstackBANK1   001CE
main@myByte1                                        cstackBANK1   001A7
main@myByte2                                        cstackBANK1   001A8
main@sensor_data                                    cstackBANK1   00198
main@t0thread_data                                  cstackBANK1   001B8
main@t1thread_data                                  cstackBANK1   001CB
main@uart_response                                  cstackBANK1   001BA
main@z                                              cstackBANK1   001CA
memcpy@d                                            cstackBANK0   00098
memcpy@d1                                           cstackBANK0   00092
memcpy@n                                            cstackBANK0   00096
memcpy@s                                            cstackBANK0   0009A
memcpy@s1                                           cstackBANK0   00094
recv_msg@data                                       cstackBANK0   000A1
recv_msg@maxlength                                  cstackBANK0   0009E
recv_msg@msgtype                                    cstackBANK0   0009F
recv_msg@qmsg                                       cstackBANK1   0018D
recv_msg@qptr                                       cstackBANK0   0009C
recv_msg@slot                                       cstackBANK1   0018A
recv_msg@tlength                                    cstackBANK1   0018B
send_msg@data                                       cstackBANK0   000A0
send_msg@length                                     cstackBANK0   0009E
send_msg@msgtype                                    cstackBANK0   0009F
send_msg@qmsg                                       cstackBANK1   0018D
send_msg@qptr                                       cstackBANK0   0009C
send_msg@slot                                       cstackBANK1   0018C
send_msg@tlength                                    cstackBANK1   0018A
send_uart_message@message_ptr                       cstackBANK1   0018F
send_uart_message@message_q_code                    cstackBANK1   00191
stackhi                                             (abs)         009FF
stacklo                                             (abs)         0048A
start                                               init          000C0
start_initialization                                cinit         01238
timer0_int_handler@length                           cstackBANK0   0007D
timer0_int_handler@msgtype                          cstackBANK0   0007F
timer0_int_handler@val                              cstackBANK0   00081
timer0_lthread@length                               cstackBANK0   00096
timer0_lthread@msgbuffer                            cstackBANK0   00098
timer0_lthread@msgtype                              cstackBANK0   00094
timer0_lthread@msgval                               cstackBANK0   0009A
timer0_lthread@tptr                                 cstackBANK0   00092
timer1_int_handler@result                           cstackCOMRAM  0001B
timer1_lthread@length                               cstackBANK1   00193
timer1_lthread@msgbuffer                            cstackBANK1   00195
timer1_lthread@msgtype                              cstackBANK1   00191
timer1_lthread@retval                               cstackBANK1   00197
timer1_lthread@tptr                                 cstackBANK1   0018F
uart_frame_message@checksum                         cstackCOMRAM  00007
uart_frame_message@i                                cstackCOMRAM  00008
uart_frame_message@inner                            cstackCOMRAM  00001
uart_frame_message@outer                            cstackCOMRAM  00003
uart_frame_message@sent_counter                     bssCOMRAM     0004A
uart_receive_interrupt_handler@bad_checksum_message cstackCOMRAM  0002D
uart_receive_interrupt_handler@bad_counter_id       cstackCOMRAM  00030
uart_receive_interrupt_handler@bad_end_id           cstackCOMRAM  00033
uart_receive_interrupt_handler@bad_start_id         cstackCOMRAM  00032
uart_receive_interrupt_handler@checksum             cstackCOMRAM  00035
uart_receive_interrupt_handler@done                 bssCOMRAM     0004B
uart_receive_interrupt_handler@error                bssCOMRAM     0004C
uart_receive_interrupt_handler@frame                bssBANK0      000A7
uart_receive_interrupt_handler@gooey_uart_center    cstackCOMRAM  0001D
uart_receive_interrupt_handler@i                    cstackCOMRAM  00036
uart_receive_interrupt_handler@index                bssCOMRAM     0004D
uart_receive_interrupt_handler@message_count        cstackCOMRAM  00034
uart_receive_interrupt_handler@msg_id               cstackCOMRAM  00038
uart_receive_interrupt_handler@received_counter     bssCOMRAM     0004E
uart_receive_interrupt_handler@start_byte_bad       bssCOMRAM     0004F
uart_receive_interrupt_handler@status               cstackCOMRAM  0002B
uart_receive_interrupt_handler@status_2501          cstackCOMRAM  0002C
uart_transmit_interrupt_handler@data                cstackCOMRAM  0001E
uart_transmit_interrupt_handler@done                dataCOMRAM    00051
uart_transmit_interrupt_handler@index               bssCOMRAM     00050
uart_transmit_interrupt_handler@message             bssBANK0      000BA
uart_transmit_interrupt_handler@message_status      cstackCOMRAM  0002D
uart_transmit_interrupt_handler@msgtype             cstackCOMRAM  0002C


FUNCTION INFORMATION:

 *************** function _main *****************
 Defined at:
		line 187 in file "../src/main.c"
 Parameters:    Size  Location     Type
		None
 Auto vars:     Size  Location     Type
  uart_respons   14   48[BANK1 ] unsigned char [14]
  jjj             2   62[BANK1 ] int 
  ic             38   69[BANK1 ] struct __i2c_comm
[...]
 Hardware stack levels required when called:    1
 This function calls:
		i2_memcpy
 This function is called by:
		_ToMainHigh_sendmsg
 This function uses a non-reentrant model


 *************** function _FromMainHigh_recvmsg *****************
 Defined at:
		line 184 in file "../src/messages.c"
 Parameters:    Size  Location     Type
  maxlength       1    wreg     unsigned char 
  msgtype         2   24[BANK0 ] PTR unsigned char 
		 -> timer0_int_handler@msgtype(2), i2c_int_handler@msg_to_send(1), 
  data            2   26[BANK0 ] PTR void 
		 -> NULL(0), timer0_int_handler@val(2), main@ic(38), 
 Auto vars:     Size  Location     Type
  maxlength       1   28[BANK0 ] unsigned char 
 Return value:  Size  Location     Type
                  1    wreg      char 
 Registers used:
		wreg, fsr1l, fsr1h, fsr2l, fsr2h, status,2, status,0, prodl, prodh, cstack
 Tracked objects:
		On entry : 
		On exit  : 
		Unchanged: 
 Data sizes:     COMRAM   BANK0   BANK1   BANK2   BANK3   BANK4   BANK5   BANK6   BANK7   BANK8   BANK9  BANK10  BANK11  BANK12  BANK13  BANK14
      Params:         0       4       0       0       0       0       0       0       0       0       0       0       0       0       0       0
      Locals:         0       1       0       0       0       0       0       0       0       0       0       0       0       0       0       0
      Temps:          0       0       0       0       0       0       0       0       0       0       0       0       0       0       0       0
      Totals:         0       5       0       0       0       0       0       0       0       0       0       0       0       0       0       0
Total ram usage:        5 bytes
 Hardware stack levels used:    1
 Hardware stack levels required when called:    2
 This function calls:
		i2_recv_msg
 This function is called by:
		_i2c_int_handler
		_timer0_int_handler
 This function uses a non-reentrant model


 *************** function i2_recv_msg *****************
 Defined at:
		line 64 in file "../src/messages.c"
 Parameters:    Size  Location     Type
  qptr            2   10[BANK0 ] PTR struct __msg_queue
		 -> FromMainHigh_MQ(138), FromMainLow_MQ(138), ToMainHigh_MQ(138), ToMainLow_MQ(138), 
  maxlength       1   12[BANK0 ] unsigned char 
  msgtype         2   13[BANK0 ] PTR unsigned char 
		 -> timer0_int_handler@msgtype(2), uart_transmit_interrupt_handler@msgtype(1), i2c_int_handler@msg_to_send(1), main@msgtype(1), 
  data            2   15[BANK0 ] PTR void 
		 -> NULL(0), timer0_int_handler@val(2), uart_transmit_interrupt_handler@data(14), main@msgbuffer(15), 
		 -> main@ic(38), 
 Auto vars:     Size  Location     Type
  recv_msg        2   22[BANK0 ] PTR struct __msg
		 -> FromMainLow_MQ.queue(136), FromMainHigh_MQ.queue(136), ToMainHigh_MQ.queue(136), ToMainLow_MQ.queue(136), 
		 -> FromMainHigh_MQ(138), FromMainLow_MQ(138), ToMainHigh_MQ(138), ToMainLow_MQ(138), 
  recv_msg        2   20[BANK0 ] unsigned int 
  recv_msg        1   19[BANK0 ] unsigned char 
 Return value:  Size  Location     Type
                  1    wreg      char 
 Registers used:
		wreg, fsr1l, fsr1h, fsr2l, fsr2h, status,2, status,0, prodl, prodh, cstack
 Tracked objects:
		On entry : 
		On exit  : 
		Unchanged: 
 Data sizes:     COMRAM   BANK0   BANK1   BANK2   BANK3   BANK4   BANK5   BANK6   BANK7   BANK8   BANK9  BANK10  BANK11  BANK12  BANK13  BANK14
      Params:         0       7       0       0       0       0       0       0       0       0       0       0       0       0       0       0
      Locals:         0       5       0       0       0       0       0       0       0       0       0       0       0       0       0       0
      Temps:          0       2       0       0       0       0       0       0       0       0       0       0       0       0       0       0
      Totals:         0      14       0       0       0       0       0       0       0       0       0       0       0       0       0       0
Total ram usage:       14 bytes
 Hardware stack levels used:    1
 Hardware stack levels required when called:    1
 This function calls:
		i2_memcpy
 This function is called by:
		_FromMainHigh_recvmsg
 This function uses a non-reentrant model


 *************** function i2_memcpy *****************
 Defined at:
		line 11 in file "C:\Program Files (x86)\Microchip\xc8\v1.32\sources\common\memcpy.c"
 Parameters:    Size  Location     Type
  d1              2    0[BANK0 ] PTR void 
		 -> FromMainLow_MQ.queue(136), FromMainHigh_MQ.queue(136), ToMainHigh_MQ.queue(136), ToMainLow_MQ.queue(136), 
		 -> NULL(0), timer0_int_handler@val(2), uart_transmit_interrupt_handler@data(14), FromMainHigh_MQ(138), 
		 -> FromMainLow_MQ(138), ToMainHigh_MQ(138), ToMainLow_MQ(138), main@msgbuffer(15), 
		 -> main@ic(38), 
  s1              2    2[BANK0 ] PTR const void 
		 -> ToMainLow_MQ.data(14), ToMainHigh_MQ.data(14), FromMainLow_MQ.data(14), FromMainHigh_MQ.data(14), 
		 -> ToMainLow_MQ.queue.data(14), ToMainHigh_MQ.queue.data(14), FromMainHigh_MQ.queue.data(14), FromMainLow_MQ.queue.data(14), 
		 -> NULL(0), timer0_int_handler@val(2), uart_receive_interrupt_handler@message_count(1), uart_receive_interrupt_handler@bad_checksum_message(3), 
		 -> uart_receive_interrupt_handler@gooey_uart_center(14), uart_receive_interrupt_handler@bad_counter_id(2), uart_receive_interrupt_handler@bad_end_id(1), uart_receive_interrupt_handler@bad_start_id(1), 
		 -> FromMainHigh_MQ(138), FromMainLow_MQ(138), ToMainHigh_MQ(138), ToMainLow_MQ(138), 
		 -> main@uart_response(14), main@msgbuffer(15), main@sensor_data(14), main@t1thread_data(2), 
		 -> main@ic(38), 
  n               2    4[BANK0 ] unsigned int 
 Auto vars:     Size  Location     Type
  memcpy          2    8[BANK0 ] PTR const unsigned char 
		 -> ToMainLow_MQ.data(14), ToMainHigh_MQ.data(14), FromMainLow_MQ.data(14), FromMainHigh_MQ.data(14), 
		 -> ToMainLow_MQ.queue.data(14), ToMainHigh_MQ.queue.data(14), FromMainHigh_MQ.queue.data(14), FromMainLow_MQ.queue.data(14), 
		 -> NULL(0), timer0_int_handler@val(2), uart_receive_interrupt_handler@message_count(1), uart_receive_interrupt_handler@bad_checksum_message(3), 
		 -> uart_receive_interrupt_handler@gooey_uart_center(14), uart_receive_interrupt_handler@bad_counter_id(2), uart_receive_interrupt_handler@bad_end_id(1), uart_receive_interrupt_handler@bad_start_id(1), 
		 -> FromMainHigh_MQ(138), FromMainLow_MQ(138), ToMainHigh_MQ(138), ToMainLow_MQ(138), 
		 -> main@uart_response(14), main@msgbuffer(15), main@sensor_data(14), main@t1thread_data(2), 
		 -> main@ic(38), 
  memcpy          2    6[BANK0 ] PTR unsigned char 
		 -> FromMainLow_MQ.queue(136), FromMainHigh_MQ.queue(136), ToMainHigh_MQ.queue(136), ToMainLow_MQ.queue(136), 
		 -> NULL(0), timer0_int_handler@val(2), uart_transmit_interrupt_handler@data(14), FromMainHigh_MQ(138), 
		 -> FromMainLow_MQ(138), ToMainHigh_MQ(138), ToMainLow_MQ(138), main@msgbuffer(15), 
		 -> main@ic(38), 
 Return value:  Size  Location     Type
                  2    0[BANK0 ] PTR void 
 Registers used:
		wreg, fsr1l, fsr1h, fsr2l, fsr2h, status,2, status,0
 Tracked objects:
		On entry : 
		On exit  : 
		Unchanged: 
 Data sizes:     COMRAM   BANK0   BANK1   BANK2   BANK3   BANK4   BANK5   BANK6   BANK7   BANK8   BANK9  BANK10  BANK11  BANK12  BANK13  BANK14
      Params:         0       6       0       0       0       0       0       0       0       0       0       0       0       0       0       0
      Locals:         0       4       0       0       0       0       0       0       0       0       0       0       0       0       0       0
      Temps:          0       0       0       0       0       0       0       0       0       0       0       0       0       0       0       0
      Totals:         0      10       0       0       0       0       0       0       0       0       0       0       0       0       0       0
Total ram usage:       10 bytes
 Hardware stack levels used:    1
 This function calls:
		Nothing
 This function is called by:
		i2_send_msg
		i2_recv_msg
 This function uses a non-reentrant model


 *************** function _SleepIfOkay *****************
 Defined at:
		line 227 in file "../src/messages.c"
 Parameters:    Size  Location     Type
		None
 Auto vars:     Size  Location     Type
		None
 Return value:  Size  Location     Type
		None               void
 Registers used:
		wreg, fsr2l, fsr2h, status,2, status,0, prodl, prodh, cstack
 Tracked objects:
		On entry : 
		On exit  : 
		Unchanged: 
 Data sizes:     COMRAM   BANK0   BANK1   BANK2   BANK3   BANK4   BANK5   BANK6   BANK7   BANK8   BANK9  BANK10  BANK11  BANK12  BANK13  BANK14
      Params:         0       0       0       0       0       0       0       0       0       0       0       0       0       0       0       0
      Locals:         0       0       0       0       0       0       0       0       0       0       0       0       0       0       0       0
      Temps:          0       0       0       0       0       0       0       0       0       0       0       0       0       0       0       0
      Totals:         0       0       0       0       0       0       0       0       0       0       0       0       0       0       0       0
Total ram usage:        0 bytes
 Hardware stack levels used:    1
 Hardware stack levels required when called:    2
 This function calls:
		_enter_sleep_mode
		i2_check_msg
		i2_in_high_int
		i2_in_low_int
 This function is called by:
		_InterruptHandlerHigh
 This function uses a non-reentrant model


 *************** function i2_in_low_int *****************
 Defined at:
		line 33 in file "../src/interrupts.c"
 Parameters:    Size  Location     Type
		None
 Auto vars:     Size  Location     Type
		None
 Return value:  Size  Location     Type
                  2    2[BANK0 ] int 
 Registers used:
		wreg, status,2, status,0, cstack
 Tracked objects:
		On entry : 
		On exit  : 
		Unchanged: 
 Data sizes:     COMRAM   BANK0   BANK1   BANK2   BANK3   BANK4   BANK5   BANK6   BANK7   BANK8   BANK9  BANK10  BANK11  BANK12  BANK13  BANK14
      Params:         0       2       0       0       0       0       0       0       0       0       0       0       0       0       0       0
      Locals:         0       0       0       0       0       0       0       0       0       0       0       0       0       0       0       0
      Temps:          0       0       0       0       0       0       0       0       0       0       0       0       0       0       0       0
      Totals:         0       2       0       0       0       0       0       0       0       0       0       0       0       0       0       0
Total ram usage:        2 bytes
 Hardware stack levels used:    1
 Hardware stack levels required when called:    1
 This function calls:
		i2_in_high_int
 This function is called by:
		_SleepIfOkay
 This function uses a non-reentrant model


 *************** function i2_in_high_int *****************
 Defined at:
		line 25 in file "../src/interrupts.c"
 Parameters:    Size  Location     Type
		None
 Auto vars:     Size  Location     Type
		None
 Return value:  Size  Location     Type
                  2    0[BANK0 ] int 
 Registers used:
		wreg, status,2
 Tracked objects:
		On entry : 
		On exit  : 
		Unchanged: 
 Data sizes:     COMRAM   BANK0   BANK1   BANK2   BANK3   BANK4   BANK5   BANK6   BANK7   BANK8   BANK9  BANK10  BANK11  BANK12  BANK13  BANK14
      Params:         0       2       0       0       0       0       0       0       0       0       0       0       0       0       0       0
      Locals:         0       0       0       0       0       0       0       0       0       0       0       0       0       0       0       0
      Temps:          0       0       0       0       0       0       0       0       0       0       0       0       0       0       0       0
      Totals:         0       2       0       0       0       0       0       0       0       0       0       0       0       0       0       0
Total ram usage:        2 bytes
 Hardware stack levels used:    1
 This function calls:
		Nothing
 This function is called by:
		_SleepIfOkay
		i2_in_low_int
 This function uses a non-reentrant model


 *************** function i2_check_msg *****************
 Defined at:
		line 221 in file "../src/messages.c"
 Parameters:    Size  Location     Type
  qptr            2    0[BANK0 ] PTR struct __msg_queue
		 -> ToMainHigh_MQ(138), ToMainLow_MQ(138), 
 Auto vars:     Size  Location     Type
		None
 Return value:  Size  Location     Type
                  1    wreg      unsigned char 
 Registers used:
		wreg, fsr2l, fsr2h, status,2, status,0, prodl, prodh
 Tracked objects:
		On entry : 
		On exit  : 
		Unchanged: 
 Data sizes:     COMRAM   BANK0   BANK1   BANK2   BANK3   BANK4   BANK5   BANK6   BANK7   BANK8   BANK9  BANK10  BANK11  BANK12  BANK13  BANK14
      Params:         0       2       0       0       0       0       0       0       0       0       0       0       0       0       0       0
      Locals:         0       0       0       0       0       0       0       0       0       0       0       0       0       0       0       0
      Temps:          0       1       0       0       0       0       0       0       0       0       0       0       0       0       0       0
      Totals:         0       3       0       0       0       0       0       0       0       0       0       0       0       0       0       0
Total ram usage:        3 bytes
 Hardware stack levels used:    1
 This function calls:
		Nothing
 This function is called by:
		_SleepIfOkay
 This function uses a non-reentrant model


 *************** function _enter_sleep_mode *****************
 Defined at:
		line 203 in file "../src/messages.c"
 Parameters:    Size  Location     Type
		None
 Auto vars:     Size  Location     Type
		None
 Return value:  Size  Location     Type
		None               void
 Registers used:
		None
 Tracked objects:
		On entry : 
		On exit  : 
		Unchanged: 
 Data sizes:     COMRAM   BANK0   BANK1   BANK2   BANK3   BANK4   BANK5   BANK6   BANK7   BANK8   BANK9  BANK10  BANK11  BANK12  BANK13  BANK14
      Params:         0       0       0       0       0       0       0       0       0       0       0       0       0       0       0       0
      Locals:         0       0       0       0       0       0       0       0       0       0       0       0       0       0       0       0
      Temps:          0       0       0       0       0       0       0       0       0       0       0       0       0       0       0       0
      Totals:         0       0       0       0       0       0       0       0       0       0       0       0       0       0       0       0
Total ram usage:        0 bytes
 Hardware stack levels used:    1
 This function calls:
		Nothing
 This function is called by:
		_SleepIfOkay
 This function uses a non-reentrant model



MODULE INFORMATION

Module		Function		Class		Link	Load	Size
C:\Program Files (x86)\Microchip\xc8\v1.32\sources\common\lwmod.c
		___lwmod       		CODE           	1362	0000	96

C:\Program Files (x86)\Microchip\xc8\v1.32\sources\common\lwmod.c estimated size: 96

C:\Program Files (x86)\Microchip\xc8\v1.32\sources\pic18\plib\Timers\t0open.c
		_OpenTimer0    		CODE           	18D2	0000	38

C:\Program Files (x86)\Microchip\xc8\v1.32\sources\pic18\plib\Timers\t0open.c estimated size: 38

../src/timer0_thread.c
		_timer0_lthread		CODE           	19DC	0000	14

../src/timer0_thread.c estimated size: 14

C:\Program Files (x86)\Microchip\xc8\v1.32\sources\pic18\plib\Timers\t1write.c
		_WriteTimer1   		CODE           	1986	0000	18

C:\Program Files (x86)\Microchip\xc8\v1.32\sources\pic18\plib\Timers\t1write.c estimated size: 18

C:\Program Files (x86)\Microchip\xc8\v1.32\sources\pic18\plib\Timers\t1read.c
		_ReadTimer1    		CODE           	1998	0000	18

C:\Program Files (x86)\Microchip\xc8\v1.32\sources\pic18\plib\Timers\t1read.c estimated size: 18

../src/user_interrupts.c
		_timer0_int_han		CODE           	1164	0000	110
		_timer1_int_han		CODE           	187E	0000	44

../src/user_interrupts.c estimated size: 154

../src/debug.c
		_blip1         		CODE           	1A14	0000	8
		_blip2         		CODE           	1A0C	0000	8
		_blink0        		CODE           	1A4A	0000	4
		_blip3         		CODE           	1A04	0000	8
		_blip4         		CODE           	19FC	0000	8
		_blip          		CODE           	1A1C	0000	8
		_debug_configur		CODE           	19EA	0000	10

../src/debug.c estimated size: 54

C:\Program Files (x86)\Microchip\xc8\v1.32\sources\common\memcpy.c
		_memcpy        		CODE           	14DA	0000	80

C:\Program Files (x86)\Microchip\xc8\v1.32\sources\common\memcpy.c estimated size: 80

C:\Program Files (x86)\Microchip\xc8\v1.32\sources\pic18\plib\Timers\t0write.c
		_WriteTimer0   		CODE           	19AA	0000	18

C:\Program Files (x86)\Microchip\xc8\v1.32\sources\pic18\plib\Timers\t0write.c estimated size: 18

../src/my_i2c.c
		_i2c_master_sen		CODE           	17C4	0000	48
		_i2c_configure_		CODE           	13C2	0000	96
		_init_i2c      		CODE           	10E8	0000	124
		_i2c_int_handle		CODE           	00C4	0000	934

../src/my_i2c.c estimated size: 1202

C:\Program Files (x86)\Microchip\xc8\v1.32\sources\pic18\d1ktcyx.c
		_Delay1KTCYx   		CODE           	1960	0000	20

C:\Program Files (x86)\Microchip\xc8\v1.32\sources\pic18\d1ktcyx.c estimated size: 20

../src/timer1_thread.c
		_timer1_lthread		CODE           	11D2	0000	102
		_init_timer1_lt		CODE           	1974	0000	18

../src/timer1_thread.c estimated size: 120

../src/interrupts.c
		_enable_interru		CODE           	19F4	0000	8
		_in_low_int    		CODE           	15BA	0000	62
		_in_main       		CODE           	16B2	0000	60
		_in_high_int   		CODE           	19BC	0000	16
		_InterruptHandl		CODE           	0018	0000	168
		_InterruptHandl		CODE           	0008	0000	4320

../src/interrupts.c estimated size: 4634

shared
		i1_send_msg    		CODE           	0F1C	0000	170
		i2_send_msg    		CODE           	0C7C	0000	236
		i2_in_high_int 		CODE           	19CC	0000	16
		i1_blip2       		CODE           	1A2C	0000	8
		i1_recv_msg    		CODE           	0E4A	0000	210
		i2_recv_msg    		CODE           	0A70	0000	286
		i1_blip1       		CODE           	1A34	0000	8
		__initializatio		CODE           	1238	0000	90
		i2_in_low_int  		CODE           	1674	0000	62
		i1_blip        		CODE           	1A3C	0000	8
		i1_blip3       		CODE           	1A24	0000	8
		i1_memcpy      		CODE           	157A	0000	64
		i2_memcpy      		CODE           	152A	0000	80
		i2_check_msg   		CODE           	1792	0000	50

shared estimated size: 1296

../src/messages.c
		_ToMainHigh_sen		CODE           	1850	0000	46
		_ToMainHigh_rec		CODE           	1636	0000	62
		_block_on_To_ms		CODE           	1300	0000	98
		_check_msg     		CODE           	1760	0000	50
		_FromMainLow_se		CODE           	17F4	0000	46
		_ToMainLow_send		CODE           	191C	0000	36
		_ToMainLow_recv		CODE           	15F8	0000	62
		_FromMainLow_re		CODE           	18AA	0000	40
		_FromMainHigh_s		CODE           	1822	0000	46
		_enter_sleep_mo		CODE           	1A44	0000	6
		_send_msg      		CODE           	0B8E	0000	238
		_FromMainHigh_r		CODE           	172A	0000	54
		_init_queue    		CODE           	129C	0000	100
		_init_queues   		CODE           	1482	0000	88
		_recv_msg      		CODE           	0952	0000	286
		_SleepIfOkay   		CODE           	1422	0000	96

../src/messages.c estimated size: 1354

../src/my_uart.c
		_uart_transmit_		CODE           	0FC6	0000	164
		_send_uart_mess		CODE           	18F8	0000	36
		_uart_configure		CODE           	1940	0000	32
		_uart_frame_mes		CODE           	0D68	0000	226
		_uart_receive_i		CODE           	079A	0000	440

../src/my_uart.c estimated size: 898

../src/main.c
		_main          		CODE           	046A	0000	816

../src/main.c estimated size: 816

C:\Program Files (x86)\Microchip\xc8\v1.32\sources\pic18\plib\Timers\t1open.c
		_OpenTimer1    		CODE           	16EE	0000	60

C:\Program Files (x86)\Microchip\xc8\v1.32\sources\pic18\plib\Timers\t1open.c estimated size: 60

